Archive member included because of file (symbol)

/usr/local/gcc-arm/gcc-arm-none-eabi-4_9-2015q2/bin/../lib/gcc/arm-none-eabi/4.9.3/../../../../arm-none-eabi/lib/armv7-m/libg_nano.a(lib_a-init.o)
                              startup_stm32f207xx.o (__libc_init_array)
/usr/local/gcc-arm/gcc-arm-none-eabi-4_9-2015q2/bin/../lib/gcc/arm-none-eabi/4.9.3/../../../../arm-none-eabi/lib/armv7-m/libg_nano.a(lib_a-memcpy.o)
                              Middlewares/Third_Party/FreeRTOS/Source/queue.o (memcpy)
/usr/local/gcc-arm/gcc-arm-none-eabi-4_9-2015q2/bin/../lib/gcc/arm-none-eabi/4.9.3/../../../../arm-none-eabi/lib/armv7-m/libg_nano.a(lib_a-memset.o)
                              Middlewares/Third_Party/FreeRTOS/CMSIS_RTOS/cmsis_os.o (memset)

Allocating common symbols
Common symbol       size              file

heval_I2c           0x38              Drivers/BSP/STM322xG_EVAL/stm322xg_eval.o
xQueueRegistry      0x40              Middlewares/Third_Party/FreeRTOS/Source/queue.o
pFlash              0x18              Drivers/STM32F2xx_HAL_Driver/Src/stm32f2xx_hal_flash.o
osQueue             0x4               Src/main.o

Discarded input sections

 .group         0x0000000000000000        0x8 Drivers/BSP/Components/stmpe811/stmpe811.o
 .group         0x0000000000000000        0x8 Drivers/BSP/Components/stmpe811/stmpe811.o
 .group         0x0000000000000000        0x8 Drivers/BSP/Components/stmpe811/stmpe811.o
 .group         0x0000000000000000        0x8 Drivers/BSP/STM322xG_EVAL/stm322xg_eval.o
 .group         0x0000000000000000        0x8 Drivers/BSP/STM322xG_EVAL/stm322xg_eval.o
 .group         0x0000000000000000        0x8 Drivers/BSP/STM322xG_EVAL/stm322xg_eval.o
 .group         0x0000000000000000        0x8 Drivers/BSP/STM322xG_EVAL/stm322xg_eval.o
 .group         0x0000000000000000        0x8 Drivers/BSP/STM322xG_EVAL/stm322xg_eval.o
 .group         0x0000000000000000        0x8 Drivers/BSP/STM322xG_EVAL/stm322xg_eval.o
 .group         0x0000000000000000        0x8 Drivers/BSP/STM322xG_EVAL/stm322xg_eval.o
 .group         0x0000000000000000        0x8 Drivers/BSP/STM322xG_EVAL/stm322xg_eval.o
 .group         0x0000000000000000        0x8 Drivers/BSP/STM322xG_EVAL/stm322xg_eval.o
 .group         0x0000000000000000        0x8 Drivers/BSP/STM322xG_EVAL/stm322xg_eval.o
 .group         0x0000000000000000        0x8 Drivers/BSP/STM322xG_EVAL/stm322xg_eval.o
 .group         0x0000000000000000        0x8 Drivers/BSP/STM322xG_EVAL/stm322xg_eval.o
 .group         0x0000000000000000        0x8 Drivers/BSP/STM322xG_EVAL/stm322xg_eval.o
 .group         0x0000000000000000        0x8 Drivers/BSP/STM322xG_EVAL/stm322xg_eval.o
 .group         0x0000000000000000        0x8 Drivers/BSP/STM322xG_EVAL/stm322xg_eval.o
 .group         0x0000000000000000        0x8 Drivers/BSP/STM322xG_EVAL/stm322xg_eval.o
 .group         0x0000000000000000        0x8 Drivers/BSP/STM322xG_EVAL/stm322xg_eval.o
 .group         0x0000000000000000        0x8 Drivers/BSP/STM322xG_EVAL/stm322xg_eval.o
 .group         0x0000000000000000        0x8 Drivers/BSP/STM322xG_EVAL/stm322xg_eval.o
 .group         0x0000000000000000        0x8 Drivers/BSP/STM322xG_EVAL/stm322xg_eval.o
 .group         0x0000000000000000        0x8 Drivers/BSP/STM322xG_EVAL/stm322xg_eval.o
 .group         0x0000000000000000        0x8 Drivers/BSP/STM322xG_EVAL/stm322xg_eval.o
 .group         0x0000000000000000        0x8 Drivers/BSP/STM322xG_EVAL/stm322xg_eval.o
 .group         0x0000000000000000        0x8 Drivers/BSP/STM322xG_EVAL/stm322xg_eval.o
 .group         0x0000000000000000        0x8 Drivers/BSP/STM322xG_EVAL/stm322xg_eval.o
 .group         0x0000000000000000        0x8 Drivers/BSP/STM322xG_EVAL/stm322xg_eval.o
 .group         0x0000000000000000        0x8 Drivers/BSP/STM322xG_EVAL/stm322xg_eval.o
 .group         0x0000000000000000        0x8 Drivers/BSP/STM322xG_EVAL/stm322xg_eval.o
 .group         0x0000000000000000        0x8 Drivers/BSP/STM322xG_EVAL/stm322xg_eval.o
 .debug_macro   0x0000000000000000      0x874 Drivers/BSP/STM322xG_EVAL/stm322xg_eval.o
 .debug_macro   0x0000000000000000      0x34e Drivers/BSP/STM322xG_EVAL/stm322xg_eval.o
 .debug_macro   0x0000000000000000      0x256 Drivers/BSP/STM322xG_EVAL/stm322xg_eval.o
 .group         0x0000000000000000        0x8 Drivers/BSP/STM322xG_EVAL/stm322xg_eval_io.o
 .group         0x0000000000000000        0x8 Drivers/BSP/STM322xG_EVAL/stm322xg_eval_io.o
 .group         0x0000000000000000        0x8 Drivers/BSP/STM322xG_EVAL/stm322xg_eval_io.o
 .group         0x0000000000000000        0x8 Drivers/BSP/STM322xG_EVAL/stm322xg_eval_io.o
 .group         0x0000000000000000        0x8 Drivers/BSP/STM322xG_EVAL/stm322xg_eval_io.o
 .group         0x0000000000000000        0x8 Drivers/BSP/STM322xG_EVAL/stm322xg_eval_io.o
 .group         0x0000000000000000        0x8 Drivers/BSP/STM322xG_EVAL/stm322xg_eval_io.o
 .group         0x0000000000000000        0x8 Drivers/BSP/STM322xG_EVAL/stm322xg_eval_io.o
[...]
Memory Configuration

Name             Origin             Length             Attributes
FLASH            0x0000000008000000 0x0000000000100000 xr
RAM              0x0000000020000000 0x0000000000020000 xrw
MEMORY_B1        0x0000000060000000 0x0000000000000000 xr
*default*        0x0000000000000000 0xffffffffffffffff

Linker script and memory map

LOAD Drivers/BSP/Components/stmpe811/stmpe811.o
LOAD Drivers/BSP/STM322xG_EVAL/stm322xg_eval.o
LOAD Drivers/BSP/STM322xG_EVAL/stm322xg_eval_io.o
LOAD Drivers/STM32F2xx_HAL_Driver/Src/stm32f2xx_hal.o
LOAD Drivers/STM32F2xx_HAL_Driver/Src/stm32f2xx_hal_cortex.o
LOAD Drivers/STM32F2xx_HAL_Driver/Src/stm32f2xx_hal_crc.o
LOAD Drivers/STM32F2xx_HAL_Driver/Src/stm32f2xx_hal_dma.o
LOAD Drivers/STM32F2xx_HAL_Driver/Src/stm32f2xx_hal_eth.o
LOAD Drivers/STM32F2xx_HAL_Driver/Src/stm32f2xx_hal_flash.o
LOAD Drivers/STM32F2xx_HAL_Driver/Src/stm32f2xx_hal_flash_ex.o
LOAD Drivers/STM32F2xx_HAL_Driver/Src/stm32f2xx_hal_gpio.o
LOAD Drivers/STM32F2xx_HAL_Driver/Src/stm32f2xx_hal_hash.o
LOAD Drivers/STM32F2xx_HAL_Driver/Src/stm32f2xx_hal_i2c.o
LOAD Drivers/STM32F2xx_HAL_Driver/Src/stm32f2xx_hal_i2s.o
LOAD Drivers/STM32F2xx_HAL_Driver/Src/stm32f2xx_hal_pwr.o
LOAD Drivers/STM32F2xx_HAL_Driver/Src/stm32f2xx_hal_pwr_ex.o
LOAD Drivers/STM32F2xx_HAL_Driver/Src/stm32f2xx_hal_rcc.o
LOAD Drivers/STM32F2xx_HAL_Driver/Src/stm32f2xx_hal_rcc_ex.o
LOAD Drivers/STM32F2xx_HAL_Driver/Src/stm32f2xx_hal_rtc.o
LOAD Drivers/STM32F2xx_HAL_Driver/Src/stm32f2xx_hal_rtc_ex.o
LOAD Drivers/STM32F2xx_HAL_Driver/Src/stm32f2xx_hal_sram.o
LOAD Drivers/STM32F2xx_HAL_Driver/Src/stm32f2xx_hal_tim.o
LOAD Drivers/STM32F2xx_HAL_Driver/Src/stm32f2xx_hal_tim_ex.o
LOAD Drivers/STM32F2xx_HAL_Driver/Src/stm32f2xx_hal_uart.o
LOAD Drivers/STM32F2xx_HAL_Driver/Src/stm32f2xx_hal_usart.o
LOAD Drivers/STM32F2xx_HAL_Driver/Src/stm32f2xx_ll_fsmc.o
LOAD Middlewares/Third_Party/FreeRTOS/CMSIS_RTOS/cmsis_os.o
LOAD Middlewares/Third_Party/FreeRTOS/Source/list.o
LOAD Middlewares/Third_Party/FreeRTOS/Source/portable/MemMang/heap_4.o
LOAD Middlewares/Third_Party/FreeRTOS/Source/portable/gcc/ARM_CM3/port.o
LOAD Middlewares/Third_Party/FreeRTOS/Source/queue.o
LOAD Middlewares/Third_Party/FreeRTOS/Source/tasks.o
LOAD Middlewares/Third_Party/FreeRTOS/Source/timers.o
LOAD Src/main.o
LOAD Src/stm32f2xx_it.o
LOAD Src/system_stm32f2xx.o
LOAD startup_stm32f207xx.o
LOAD /usr/local/gcc-arm/gcc-arm-none-eabi-4_9-2015q2/bin/../lib/gcc/arm-none-eabi/4.9.3/../../../../arm-none-eabi/lib/armv7-m/libstdc++_nano.a
LOAD /usr/local/gcc-arm/gcc-arm-none-eabi-4_9-2015q2/bin/../lib/gcc/arm-none-eabi/4.9.3/../../../../arm-none-eabi/lib/armv7-m/libm.a
START GROUP
LOAD /usr/local/gcc-arm/gcc-arm-none-eabi-4_9-2015q2/bin/../lib/gcc/arm-none-eabi/4.9.3/armv7-m/libgcc.a
LOAD /usr/local/gcc-arm/gcc-arm-none-eabi-4_9-2015q2/bin/../lib/gcc/arm-none-eabi/4.9.3/../../../../arm-none-eabi/lib/armv7-m/libg_nano.a
LOAD /usr/local/gcc-arm/gcc-arm-none-eabi-4_9-2015q2/bin/../lib/gcc/arm-none-eabi/4.9.3/../../../../arm-none-eabi/lib/armv7-m/libc_nano.a
END GROUP
START GROUP
LOAD /usr/local/gcc-arm/gcc-arm-none-eabi-4_9-2015q2/bin/../lib/gcc/arm-none-eabi/4.9.3/armv7-m/libgcc.a
LOAD /usr/local/gcc-arm/gcc-arm-none-eabi-4_9-2015q2/bin/../lib/gcc/arm-none-eabi/4.9.3/../../../../arm-none-eabi/lib/armv7-m/libc_nano.a
END GROUP
                0x0000000020020000                _estack = 0x20020000
                0x0000000000000000                _Min_Heap_Size = 0x0
                0x0000000000000400                _Min_Stack_Size = 0x400

.isr_vector     0x0000000008000000      0x184
                0x0000000008000000                . = ALIGN (0x4)
 *(.isr_vector)
 .isr_vector    0x0000000008000000      0x184 startup_stm32f207xx.o
                0x0000000008000000                g_pfnVectors
                0x0000000008000184                . = ALIGN (0x4)

.text           0x0000000008000184     0xd9c4
                0x0000000008000184                . = ALIGN (0x4)
 *(.text)
 .text          0x0000000008000184        0x0 Drivers/BSP/Components/stmpe811/stmpe811.o
 .text          0x0000000008000184        0x0 Drivers/BSP/STM322xG_EVAL/stm322xg_eval.o
 .text          0x0000000008000184        0x0 Drivers/BSP/STM322xG_EVAL/stm322xg_eval_io.o
 .text          0x0000000008000184        0x0 Drivers/STM32F2xx_HAL_Driver/Src/stm32f2xx_hal.o
 .text          0x0000000008000184        0x0 Drivers/STM32F2xx_HAL_Driver/Src/stm32f2xx_hal_cortex.o
 .text          0x0000000008000184        0x0 Drivers/STM32F2xx_HAL_Driver/Src/stm32f2xx_hal_crc.o
 .text          0x0000000008000184        0x0 Drivers/STM32F2xx_HAL_Driver/Src/stm32f2xx_hal_dma.o
 .text          0x0000000008000184        0x0 Drivers/STM32F2xx_HAL_Driver/Src/stm32f2xx_hal_eth.o
 .text          0x0000000008000184        0x0 Drivers/STM32F2xx_HAL_Driver/Src/stm32f2xx_hal_flash.o
 .text          0x0000000008000184        0x0 Drivers/STM32F2xx_HAL_Driver/Src/stm32f2xx_hal_flash_ex.o
 .text          0x0000000008000184        0x0 Drivers/STM32F2xx_HAL_Driver/Src/stm32f2xx_hal_gpio.o
 .text          0x0000000008000184        0x0 Drivers/STM32F2xx_HAL_Driver/Src/stm32f2xx_hal_hash.o
 .text          0x0000000008000184        0x0 Drivers/STM32F2xx_HAL_Driver/Src/stm32f2xx_hal_i2c.o
 .text          0x0000000008000184        0x0 Drivers/STM32F2xx_HAL_Driver/Src/stm32f2xx_hal_i2s.o
 .text          0x0000000008000184        0x0 Drivers/STM32F2xx_HAL_Driver/Src/stm32f2xx_hal_pwr.o
 .text          0x0000000008000184        0x0 Drivers/STM32F2xx_HAL_Driver/Src/stm32f2xx_hal_pwr_ex.o
 .text          0x0000000008000184        0x0 Drivers/STM32F2xx_HAL_Driver/Src/stm32f2xx_hal_rcc.o
 .text          0x0000000008000184        0x0 Drivers/STM32F2xx_HAL_Driver/Src/stm32f2xx_hal_rcc_ex.o
 .text          0x0000000008000184        0x0 Drivers/STM32F2xx_HAL_Driver/Src/stm32f2xx_hal_rtc.o
 .text          0x0000000008000184        0x0 Drivers/STM32F2xx_HAL_Driver/Src/stm32f2xx_hal_rtc_ex.o
 .text          0x0000000008000184        0x0 Drivers/STM32F2xx_HAL_Driver/Src/stm32f2xx_hal_sram.o
 .text          0x0000000008000184        0x0 Drivers/STM32F2xx_HAL_Driver/Src/stm32f2xx_hal_tim.o
 .text          0x0000000008000184        0x0 Drivers/STM32F2xx_HAL_Driver/Src/stm32f2xx_hal_tim_ex.o
 .text          0x0000000008000184        0x0 Drivers/STM32F2xx_HAL_Driver/Src/stm32f2xx_hal_uart.o
 .text          0x0000000008000184        0x0 Drivers/STM32F2xx_HAL_Driver/Src/stm32f2xx_hal_usart.o
 .text          0x0000000008000184        0x0 Drivers/STM32F2xx_HAL_Driver/Src/stm32f2xx_ll_fsmc.o
 .text          0x0000000008000184        0x0 Middlewares/Third_Party/FreeRTOS/CMSIS_RTOS/cmsis_os.o
 .text          0x0000000008000184        0x0 Middlewares/Third_Party/FreeRTOS/Source/list.o
 .text          0x0000000008000184        0x0 Middlewares/Third_Party/FreeRTOS/Source/portable/MemMang/heap_4.o
 .text          0x0000000008000184        0x0 Middlewares/Third_Party/FreeRTOS/Source/portable/gcc/ARM_CM3/port.o
 .text          0x0000000008000184        0x0 Middlewares/Third_Party/FreeRTOS/Source/queue.o
 .text          0x0000000008000184        0x0 Middlewares/Third_Party/FreeRTOS/Source/tasks.o
 .text          0x0000000008000184        0x0 Middlewares/Third_Party/FreeRTOS/Source/timers.o
 .text          0x0000000008000184        0x0 Src/main.o
 .text          0x0000000008000184        0x0 Src/stm32f2xx_it.o
 .text          0x0000000008000184        0x0 Src/system_stm32f2xx.o
 .text          0x0000000008000184       0x14 startup_stm32f207xx.o
 .text          0x0000000008000198        0x0 /usr/local/gcc-arm/gcc-arm-none-eabi-4_9-2015q2/bin/../lib/gcc/arm-none-eabi/4.9.3/../../../../arm-none-eabi/lib/armv7-m/libg_nano.a(lib_a-init.o)
 .text          0x0000000008000198        0x0 /usr/local/gcc-arm/gcc-arm-none-eabi-4_9-2015q2/bin/../lib/gcc/arm-none-eabi/4.9.3/../../../../arm-none-eabi/lib/armv7-m/libg_nano.a(lib_a-memcpy.o)
 .text          0x0000000008000198        0x0 /usr/local/gcc-arm/gcc-arm-none-eabi-4_9-2015q2/bin/../lib/gcc/arm-none-eabi/4.9.3/../../../../arm-none-eabi/lib/armv7-m/libg_nano.a(lib_a-memset.o)
 *(.text*)
 .text.stmpe811_GetInstance
                0x0000000008000198       0x20 Drivers/BSP/Components/stmpe811/stmpe811.o
 .text.stmpe811_IO_WritePin
                0x00000000080001b8       0x20 Drivers/BSP/Components/stmpe811/stmpe811.o
                0x00000000080001b8                stmpe811_IO_WritePin
 .text.stmpe811_Reset
                0x00000000080001d8       0x28 Drivers/BSP/Components/stmpe811/stmpe811.o
                0x00000000080001d8                stmpe811_Reset
 .text.stmpe811_Init
                0x0000000008000200       0x2c Drivers/BSP/Components/stmpe811/stmpe811.o
                0x0000000008000200                stmpe811_Init
 .text.stmpe811_ReadID
                0x000000000800022c       0x24 Drivers/BSP/Components/stmpe811/stmpe811.o
                0x000000000800022c                stmpe811_ReadID
 .text.stmpe811_IO_ReadPin
                0x0000000008000250       0x14 Drivers/BSP/Components/stmpe811/stmpe811.o
                0x0000000008000250                stmpe811_IO_ReadPin
 .text.stmpe811_IO_ITStatus
                0x0000000008000264       0x14 Drivers/BSP/Components/stmpe811/stmpe811.o
                0x0000000008000264                stmpe811_IO_ITStatus
 .text.stmpe811_TS_DetectTouch
                0x0000000008000278       0x3c Drivers/BSP/Components/stmpe811/stmpe811.o
                0x0000000008000278                stmpe811_TS_DetectTouch
 .text.stmpe811_TS_GetXY
                0x00000000080002b4       0x54 Drivers/BSP/Components/stmpe811/stmpe811.o
                0x00000000080002b4                stmpe811_TS_GetXY
 .text.stmpe811_EnableGlobalIT
                0x0000000008000308       0x1c Drivers/BSP/Components/stmpe811/stmpe811.o
                0x0000000008000308                stmpe811_EnableGlobalIT
 .text.stmpe811_DisableGlobalIT
                0x0000000008000324       0x1c Drivers/BSP/Components/stmpe811/stmpe811.o
                0x0000000008000324                stmpe811_DisableGlobalIT
 .text.stmpe811_EnableITSource
                0x0000000008000340       0x20 Drivers/BSP/Components/stmpe811/stmpe811.o
                0x0000000008000340                stmpe811_EnableITSource
 .text.stmpe811_IO_EnableIT
                0x0000000008000360       0x18 Drivers/BSP/Components/stmpe811/stmpe811.o
                0x0000000008000360                stmpe811_IO_EnableIT
 .text.stmpe811_TS_EnableIT
                0x0000000008000378       0x18 Drivers/BSP/Components/stmpe811/stmpe811.o
                0x0000000008000378                stmpe811_TS_EnableIT
 .text.stmpe811_DisableITSource
                0x0000000008000390       0x20 Drivers/BSP/Components/stmpe811/stmpe811.o
                0x0000000008000390                stmpe811_DisableITSource
 .text.stmpe811_IO_DisableIT
                0x00000000080003b0       0x14 Drivers/BSP/Components/stmpe811/stmpe811.o
                0x00000000080003b0                stmpe811_IO_DisableIT
 .text.stmpe811_TS_DisableIT
                0x00000000080003c4       0x14 Drivers/BSP/Components/stmpe811/stmpe811.o
                0x00000000080003c4                stmpe811_TS_DisableIT
 .text.stmpe811_SetITPolarity
                0x00000000080003d8       0x20 Drivers/BSP/Components/stmpe811/stmpe811.o
                0x00000000080003d8                stmpe811_SetITPolarity
 .text.stmpe811_SetITType
                0x00000000080003f8       0x20 Drivers/BSP/Components/stmpe811/stmpe811.o
                0x00000000080003f8                stmpe811_SetITType
 .text.stmpe811_GlobalITStatus
                0x0000000008000418       0x18 Drivers/BSP/Components/stmpe811/stmpe811.o
                0x0000000008000418                stmpe811_GlobalITStatus
 .text.stmpe811_ReadGITStatus
                0x0000000008000430       0x10 Drivers/BSP/Components/stmpe811/stmpe811.o
                0x0000000008000430                stmpe811_ReadGITStatus
 .text.stmpe811_TS_ITStatus
                0x0000000008000440        0xc Drivers/BSP/Components/stmpe811/stmpe811.o
                0x0000000008000440                stmpe811_TS_ITStatus
 .text.stmpe811_ClearGlobalIT
                0x000000000800044c       0x10 Drivers/BSP/Components/stmpe811/stmpe811.o
                0x000000000800044c                stmpe811_ClearGlobalIT
 .text.stmpe811_IO_ClearIT
                0x000000000800045c       0x3c Drivers/BSP/Components/stmpe811/stmpe811.o
                0x000000000800045c                stmpe811_IO_ClearIT
 .text.stmpe811_TS_ClearIT
                0x0000000008000498        0xc Drivers/BSP/Components/stmpe811/stmpe811.o
                0x0000000008000498                stmpe811_TS_ClearIT
 .text.stmpe811_IO_InitPin
                0x00000000080004a4       0x2c Drivers/BSP/Components/stmpe811/stmpe811.o
                0x00000000080004a4                stmpe811_IO_InitPin
 .text.stmpe811_IO_EnableAF
                0x00000000080004d0       0x20 Drivers/BSP/Components/stmpe811/stmpe811.o
                0x00000000080004d0                stmpe811_IO_EnableAF
 .text.stmpe811_IO_Start
                0x00000000080004f0       0x28 Drivers/BSP/Components/stmpe811/stmpe811.o
                0x00000000080004f0                stmpe811_IO_Start
 .text.stmpe811_IO_DisableAF
                0x0000000008000518       0x20 Drivers/BSP/Components/stmpe811/stmpe811.o
                0x0000000008000518                stmpe811_IO_DisableAF
 .text.stmpe811_TS_Start
                0x0000000008000538       0x94 Drivers/BSP/Components/stmpe811/stmpe811.o
                0x0000000008000538                stmpe811_TS_Start
 .text.stmpe811_IO_SetEdgeMode
                0x00000000080005cc       0x50 Drivers/BSP/Components/stmpe811/stmpe811.o
                0x00000000080005cc                stmpe811_IO_SetEdgeMode
 .text.stmpe811_IO_EnablePinIT
                0x000000000800061c       0x20 Drivers/BSP/Components/stmpe811/stmpe811.o
                0x000000000800061c                stmpe811_IO_EnablePinIT
 .text.stmpe811_IO_Config
                0x000000000800063c       0xc8 Drivers/BSP/Components/stmpe811/stmpe811.o
                0x000000000800063c                stmpe811_IO_Config
 .text.stmpe811_IO_DisablePinIT
                0x0000000008000704       0x20 Drivers/BSP/Components/stmpe811/stmpe811.o
                0x0000000008000704                stmpe811_IO_DisablePinIT
 .text.FSMC_BANK3_WriteData
                0x0000000008000724        0x8 Drivers/BSP/STM322xG_EVAL/stm322xg_eval.o
 .text.FSMC_BANK3_WriteReg
                0x000000000800072c        0x8 Drivers/BSP/STM322xG_EVAL/stm322xg_eval.o
 .text.FSMC_BANK3_ReadData
                0x0000000008000734        0xc Drivers/BSP/STM322xG_EVAL/stm322xg_eval.o
 .text.FSMC_BANK3_MspInit
                0x0000000008000740       0x94 Drivers/BSP/STM322xG_EVAL/stm322xg_eval.o
 .text.I2Cx_MspInit
                0x00000000080007d4       0x80 Drivers/BSP/STM322xG_EVAL/stm322xg_eval.o
 .text.I2Cx_ITConfig
                0x0000000008000854       0x60 Drivers/BSP/STM322xG_EVAL/stm322xg_eval.o
 .text.I2Cx_Init
                0x00000000080008b4       0x40 Drivers/BSP/STM322xG_EVAL/stm322xg_eval.o
 .text.I2Cx_Error
                0x00000000080008f4       0x14 Drivers/BSP/STM322xG_EVAL/stm322xg_eval.o
 .text.I2Cx_Write
                0x0000000008000908       0x30 Drivers/BSP/STM322xG_EVAL/stm322xg_eval.o
 .text.I2Cx_WriteMultiple
                0x0000000008000938       0x38 Drivers/BSP/STM322xG_EVAL/stm322xg_eval.o
 .text.I2Cx_Read
                0x0000000008000970       0x38 Drivers/BSP/STM322xG_EVAL/stm322xg_eval.o
 .text.I2Cx_ReadMultiple
                0x00000000080009a8       0x38 Drivers/BSP/STM322xG_EVAL/stm322xg_eval.o
 .text.FSMC_BANK3_Init
                0x00000000080009e0       0x5c Drivers/BSP/STM322xG_EVAL/stm322xg_eval.o
 .text.I2Cx_IsDeviceReady
                0x0000000008000a3c       0x18 Drivers/BSP/STM322xG_EVAL/stm322xg_eval.o
 .text.BSP_GetVersion
                0x0000000008000a54        0x8 Drivers/BSP/STM322xG_EVAL/stm322xg_eval.o
                0x0000000008000a54                BSP_GetVersion
 .text.BSP_LED_Init
                0x0000000008000a5c       0x70 Drivers/BSP/STM322xG_EVAL/stm322xg_eval.o
                0x0000000008000a5c                BSP_LED_Init
 .text.BSP_LED_On
                0x0000000008000acc       0x20 Drivers/BSP/STM322xG_EVAL/stm322xg_eval.o
                0x0000000008000acc                BSP_LED_On
 .text.BSP_LED_Off
                0x0000000008000aec       0x20 Drivers/BSP/STM322xG_EVAL/stm322xg_eval.o
                0x0000000008000aec                BSP_LED_Off
 .text.BSP_LED_Toggle
                0x0000000008000b0c       0x20 Drivers/BSP/STM322xG_EVAL/stm322xg_eval.o
                0x0000000008000b0c                BSP_LED_Toggle
 .text.BSP_PB_Init
                0x0000000008000b2c       0xb8 Drivers/BSP/STM322xG_EVAL/stm322xg_eval.o
                0x0000000008000b2c                BSP_PB_Init
 .text.BSP_PB_GetState
                0x0000000008000be4       0x20 Drivers/BSP/STM322xG_EVAL/stm322xg_eval.o
                0x0000000008000be4                BSP_PB_GetState
 .text.BSP_COM_Init
                0x0000000008000c04       0x84 Drivers/BSP/STM322xG_EVAL/stm322xg_eval.o
                0x0000000008000c04                BSP_COM_Init
 .text.BSP_JOY_Init
                0x0000000008000c88       0x1c Drivers/BSP/STM322xG_EVAL/stm322xg_eval.o
                0x0000000008000c88                BSP_JOY_Init
 .text.BSP_JOY_GetState
                0x0000000008000ca4       0x4c Drivers/BSP/STM322xG_EVAL/stm322xg_eval.o
                0x0000000008000ca4                BSP_JOY_GetState
 .text.IOE_Init
                0x0000000008000cf0        0x8 Drivers/BSP/STM322xG_EVAL/stm322xg_eval.o
                0x0000000008000cf0                IOE_Init
 .text.IOE_ITConfig
                0x0000000008000cf8        0x8 Drivers/BSP/STM322xG_EVAL/stm322xg_eval.o
                0x0000000008000cf8                IOE_ITConfig
 .text.IOE_Write
                0x0000000008000d00        0x8 Drivers/BSP/STM322xG_EVAL/stm322xg_eval.o
                0x0000000008000d00                IOE_Write
 .text.IOE_Read
                0x0000000008000d08        0x8 Drivers/BSP/STM322xG_EVAL/stm322xg_eval.o
                0x0000000008000d08                IOE_Read
 .text.IOE_ReadMultiple
                0x0000000008000d10       0x14 Drivers/BSP/STM322xG_EVAL/stm322xg_eval.o
                0x0000000008000d10                IOE_ReadMultiple
 .text.IOE_Delay
                0x0000000008000d24        0x8 Drivers/BSP/STM322xG_EVAL/stm322xg_eval.o
                0x0000000008000d24                IOE_Delay
 .text.LCD_IO_Init
                0x0000000008000d2c        0x8 Drivers/BSP/STM322xG_EVAL/stm322xg_eval.o
                0x0000000008000d2c                LCD_IO_Init
 .text.LCD_IO_WriteData
                0x0000000008000d34        0x8 Drivers/BSP/STM322xG_EVAL/stm322xg_eval.o
                0x0000000008000d34                LCD_IO_WriteData
 .text.LCD_IO_WriteReg
                0x0000000008000d3c        0x8 Drivers/BSP/STM322xG_EVAL/stm322xg_eval.o
                0x0000000008000d3c                LCD_IO_WriteReg
 .text.LCD_IO_ReadData
                0x0000000008000d44        0x8 Drivers/BSP/STM322xG_EVAL/stm322xg_eval.o
                0x0000000008000d44                LCD_IO_ReadData
 .text.AUDIO_IO_Init
                0x0000000008000d4c        0x8 Drivers/BSP/STM322xG_EVAL/stm322xg_eval.o
                0x0000000008000d4c                AUDIO_IO_Init
 .text.AUDIO_IO_Write
                0x0000000008000d54        0x8 Drivers/BSP/STM322xG_EVAL/stm322xg_eval.o
                0x0000000008000d54                AUDIO_IO_Write
 .text.AUDIO_IO_Read
                0x0000000008000d5c        0x8 Drivers/BSP/STM322xG_EVAL/stm322xg_eval.o
                0x0000000008000d5c                AUDIO_IO_Read
 .text.CAMERA_IO_Init
                0x0000000008000d64        0x8 Drivers/BSP/STM322xG_EVAL/stm322xg_eval.o
                0x0000000008000d64                CAMERA_IO_Init
 .text.CAMERA_IO_Write
                0x0000000008000d6c        0x8 Drivers/BSP/STM322xG_EVAL/stm322xg_eval.o
                0x0000000008000d6c                CAMERA_IO_Write
 .text.CAMERA_IO_Read
                0x0000000008000d74        0x8 Drivers/BSP/STM322xG_EVAL/stm322xg_eval.o
                0x0000000008000d74                CAMERA_IO_Read
 .text.CAMERA_Delay
                0x0000000008000d7c        0x8 Drivers/BSP/STM322xG_EVAL/stm322xg_eval.o
                0x0000000008000d7c                CAMERA_Delay
 .text.EEPROM_IO_Init
                0x0000000008000d84        0x8 Drivers/BSP/STM322xG_EVAL/stm322xg_eval.o
                0x0000000008000d84                EEPROM_IO_Init
 .text.EEPROM_IO_WriteData
                0x0000000008000d8c       0x18 Drivers/BSP/STM322xG_EVAL/stm322xg_eval.o
                0x0000000008000d8c                EEPROM_IO_WriteData
 .text.EEPROM_IO_ReadData
                0x0000000008000da4       0x18 Drivers/BSP/STM322xG_EVAL/stm322xg_eval.o
                0x0000000008000da4                EEPROM_IO_ReadData
 .text.EEPROM_IO_IsDeviceReady
                0x0000000008000dbc        0x8 Drivers/BSP/STM322xG_EVAL/stm322xg_eval.o
                0x0000000008000dbc                EEPROM_IO_IsDeviceReady
 .text.BSP_IO_Init
                0x0000000008000dc4       0x38 Drivers/BSP/STM322xG_EVAL/stm322xg_eval_io.o
                0x0000000008000dc4                BSP_IO_Init
 .text.BSP_IO_ITGetStatus
                0x0000000008000dfc       0x14 Drivers/BSP/STM322xG_EVAL/stm322xg_eval_io.o
                0x0000000008000dfc                BSP_IO_ITGetStatus
 .text.BSP_IO_ITClear
                0x0000000008000e10       0x14 Drivers/BSP/STM322xG_EVAL/stm322xg_eval_io.o
                0x0000000008000e10                BSP_IO_ITClear
 .text.BSP_IO_ConfigPin
                0x0000000008000e24       0x1c Drivers/BSP/STM322xG_EVAL/stm322xg_eval_io.o
                0x0000000008000e24                BSP_IO_ConfigPin
 .text.BSP_IO_WritePin
                0x0000000008000e40       0x18 Drivers/BSP/STM322xG_EVAL/stm322xg_eval_io.o
                0x0000000008000e40                BSP_IO_WritePin
 .text.BSP_IO_ReadPin
                0x0000000008000e58       0x14 Drivers/BSP/STM322xG_EVAL/stm322xg_eval_io.o
                0x0000000008000e58                BSP_IO_ReadPin
 .text.BSP_IO_TogglePin
                0x0000000008000e6c       0x38 Drivers/BSP/STM322xG_EVAL/stm322xg_eval_io.o
                0x0000000008000e6c                BSP_IO_TogglePin
 .text.HAL_MspInit
                0x0000000008000ea4        0x4 Drivers/STM32F2xx_HAL_Driver/Src/stm32f2xx_hal.o
                0x0000000008000ea4                HAL_MspInit
 .text.HAL_Init
                0x0000000008000ea8       0x38 Drivers/STM32F2xx_HAL_Driver/Src/stm32f2xx_hal.o
                0x0000000008000ea8                HAL_Init
 .text.HAL_MspDeInit
                0x0000000008000ee0        0x4 Drivers/STM32F2xx_HAL_Driver/Src/stm32f2xx_hal.o
                0x0000000008000ee0                HAL_MspDeInit
 .text.HAL_DeInit
                0x0000000008000ee4       0x2c Drivers/STM32F2xx_HAL_Driver/Src/stm32f2xx_hal.o
                0x0000000008000ee4                HAL_DeInit
 .text.HAL_IncTick
                0x0000000008000f10       0x10 Drivers/STM32F2xx_HAL_Driver/Src/stm32f2xx_hal.o
                0x0000000008000f10                HAL_IncTick
 .text.HAL_GetTick
                0x0000000008000f20        0xc Drivers/STM32F2xx_HAL_Driver/Src/stm32f2xx_hal.o
                0x0000000008000f20                HAL_GetTick
 .text.HAL_Delay
                0x0000000008000f2c       0x1c Drivers/STM32F2xx_HAL_Driver/Src/stm32f2xx_hal.o
                0x0000000008000f2c                HAL_Delay
 .text.HAL_GetHalVersion
                0x0000000008000f48        0x8 Drivers/STM32F2xx_HAL_Driver/Src/stm32f2xx_hal.o
                0x0000000008000f48                HAL_GetHalVersion
 .text.HAL_GetREVID
                0x0000000008000f50        0xc Drivers/STM32F2xx_HAL_Driver/Src/stm32f2xx_hal.o
                0x0000000008000f50                HAL_GetREVID
 .text.HAL_GetDEVID
                0x0000000008000f5c       0x10 Drivers/STM32F2xx_HAL_Driver/Src/stm32f2xx_hal.o
                0x0000000008000f5c                HAL_GetDEVID
 .text.HAL_EnableDBGSleepMode
                0x0000000008000f6c       0x10 Drivers/STM32F2xx_HAL_Driver/Src/stm32f2xx_hal.o
                0x0000000008000f6c                HAL_EnableDBGSleepMode
 .text.HAL_DisableDBGSleepMode
                0x0000000008000f7c       0x10 Drivers/STM32F2xx_HAL_Driver/Src/stm32f2xx_hal.o
                0x0000000008000f7c                HAL_DisableDBGSleepMode
 .text.HAL_EnableDBGStopMode
                0x0000000008000f8c       0x10 Drivers/STM32F2xx_HAL_Driver/Src/stm32f2xx_hal.o
                0x0000000008000f8c                HAL_EnableDBGStopMode
 .text.HAL_DisableDBGStopMode
                0x0000000008000f9c       0x10 Drivers/STM32F2xx_HAL_Driver/Src/stm32f2xx_hal.o
                0x0000000008000f9c                HAL_DisableDBGStopMode
 .text.HAL_EnableDBGStandbyMode
                0x0000000008000fac       0x10 Drivers/STM32F2xx_HAL_Driver/Src/stm32f2xx_hal.o
                0x0000000008000fac                HAL_EnableDBGStandbyMode
 .text.HAL_DisableDBGStandbyMode
                0x0000000008000fbc       0x10 Drivers/STM32F2xx_HAL_Driver/Src/stm32f2xx_hal.o
                0x0000000008000fbc                HAL_DisableDBGStandbyMode
 .text.HAL_EnableCompensationCell
                0x0000000008000fcc        0xc Drivers/STM32F2xx_HAL_Driver/Src/stm32f2xx_hal.o
                0x0000000008000fcc                HAL_EnableCompensationCell
 .text.HAL_DisableCompensationCell
                0x0000000008000fd8        0xc Drivers/STM32F2xx_HAL_Driver/Src/stm32f2xx_hal.o
                0x0000000008000fd8                HAL_DisableCompensationCell
 .text.HAL_NVIC_SetPriorityGrouping
                0x0000000008000fe4       0x24 Drivers/STM32F2xx_HAL_Driver/Src/stm32f2xx_hal_cortex.o
                0x0000000008000fe4                HAL_NVIC_SetPriorityGrouping
 .text.HAL_NVIC_SetPriority
                0x0000000008001008       0x64 Drivers/STM32F2xx_HAL_Driver/Src/stm32f2xx_hal_cortex.o
                0x0000000008001008                HAL_NVIC_SetPriority
 .text.HAL_NVIC_EnableIRQ
                0x000000000800106c       0x18 Drivers/STM32F2xx_HAL_Driver/Src/stm32f2xx_hal_cortex.o
                0x000000000800106c                HAL_NVIC_EnableIRQ
 .text.HAL_NVIC_DisableIRQ
                0x0000000008001084       0x18 Drivers/STM32F2xx_HAL_Driver/Src/stm32f2xx_hal_cortex.o
                0x0000000008001084                HAL_NVIC_DisableIRQ
 .text.HAL_NVIC_SystemReset
                0x000000000800109c       0x20 Drivers/STM32F2xx_HAL_Driver/Src/stm32f2xx_hal_cortex.o
                0x000000000800109c                HAL_NVIC_SystemReset
 .text.HAL_SYSTICK_Config
                0x00000000080010bc       0x2c Drivers/STM32F2xx_HAL_Driver/Src/stm32f2xx_hal_cortex.o
                0x00000000080010bc                HAL_SYSTICK_Config
 .text.HAL_NVIC_GetPriorityGrouping
                0x00000000080010e8       0x10 Drivers/STM32F2xx_HAL_Driver/Src/stm32f2xx_hal_cortex.o
                0x00000000080010e8                HAL_NVIC_GetPriorityGrouping
 .text.HAL_NVIC_GetPriority
                0x00000000080010f8       0x5c Drivers/STM32F2xx_HAL_Driver/Src/stm32f2xx_hal_cortex.o
                0x00000000080010f8                HAL_NVIC_GetPriority
 .text.HAL_NVIC_SetPendingIRQ
                0x0000000008001154       0x18 Drivers/STM32F2xx_HAL_Driver/Src/stm32f2xx_hal_cortex.o
                0x0000000008001154                HAL_NVIC_SetPendingIRQ
 .text.HAL_NVIC_GetPendingIRQ
                0x000000000800116c       0x20 Drivers/STM32F2xx_HAL_Driver/Src/stm32f2xx_hal_cortex.o
                0x000000000800116c                HAL_NVIC_GetPendingIRQ
 .text.HAL_NVIC_ClearPendingIRQ
                0x000000000800118c       0x18 Drivers/STM32F2xx_HAL_Driver/Src/stm32f2xx_hal_cortex.o
                0x000000000800118c                HAL_NVIC_ClearPendingIRQ
 .text.HAL_NVIC_GetActive
                0x00000000080011a4       0x20 Drivers/STM32F2xx_HAL_Driver/Src/stm32f2xx_hal_cortex.o
                0x00000000080011a4                HAL_NVIC_GetActive
 .text.HAL_SYSTICK_CLKSourceConfig
                0x00000000080011c4       0x20 Drivers/STM32F2xx_HAL_Driver/Src/stm32f2xx_hal_cortex.o
                0x00000000080011c4                HAL_SYSTICK_CLKSourceConfig
 .text.HAL_SYSTICK_Callback
                0x00000000080011e4        0x4 Drivers/STM32F2xx_HAL_Driver/Src/stm32f2xx_hal_cortex.o
                0x00000000080011e4                HAL_SYSTICK_Callback
 .text.HAL_SYSTICK_IRQHandler
                0x00000000080011e8        0x8 Drivers/STM32F2xx_HAL_Driver/Src/stm32f2xx_hal_cortex.o
                0x00000000080011e8                HAL_SYSTICK_IRQHandler
 .text.DMA_SetConfig
                0x00000000080011f0       0x24 Drivers/STM32F2xx_HAL_Driver/Src/stm32f2xx_hal_dma.o
 .text.HAL_DMA_Init
                0x0000000008001214       0x78 Drivers/STM32F2xx_HAL_Driver/Src/stm32f2xx_hal_dma.o
                0x0000000008001214                HAL_DMA_Init
 .text.HAL_DMA_DeInit
                0x000000000800128c      0xeac Drivers/STM32F2xx_HAL_Driver/Src/stm32f2xx_hal_dma.o
                0x000000000800128c                HAL_DMA_DeInit
 .text.HAL_DMA_Start
                0x0000000008002138       0x3c Drivers/STM32F2xx_HAL_Driver/Src/stm32f2xx_hal_dma.o
                0x0000000008002138                HAL_DMA_Start
 .text.HAL_DMA_Start_IT
                0x0000000008002174       0x6c Drivers/STM32F2xx_HAL_Driver/Src/stm32f2xx_hal_dma.o
                0x0000000008002174                HAL_DMA_Start_IT
 .text.HAL_DMA_Abort
                0x00000000080021e0       0x50 Drivers/STM32F2xx_HAL_Driver/Src/stm32f2xx_hal_dma.o
                0x00000000080021e0                HAL_DMA_Abort
 .text.HAL_DMA_PollForTransfer
                0x0000000008002230     0x2210 Drivers/STM32F2xx_HAL_Driver/Src/stm32f2xx_hal_dma.o
                0x0000000008002230                HAL_DMA_PollForTransfer
 .text.HAL_DMA_IRQHandler
                0x0000000008004440     0x241c Drivers/STM32F2xx_HAL_Driver/Src/stm32f2xx_hal_dma.o
                0x0000000008004440                HAL_DMA_IRQHandler
 .text.HAL_DMA_GetState
                0x000000000800685c        0x8 Drivers/STM32F2xx_HAL_Driver/Src/stm32f2xx_hal_dma.o
                0x000000000800685c                HAL_DMA_GetState
 .text.HAL_DMA_GetError
                0x0000000008006864        0x4 Drivers/STM32F2xx_HAL_Driver/Src/stm32f2xx_hal_dma.o
                0x0000000008006864                HAL_DMA_GetError
 .text.FLASH_Program_DoubleWord
                0x0000000008006868       0x2c Drivers/STM32F2xx_HAL_Driver/Src/stm32f2xx_hal_flash.o
 .text.FLASH_Program_Word
                0x0000000008006894       0x24 Drivers/STM32F2xx_HAL_Driver/Src/stm32f2xx_hal_flash.o
 .text.FLASH_Program_HalfWord
                0x00000000080068b8       0x24 Drivers/STM32F2xx_HAL_Driver/Src/stm32f2xx_hal_flash.o
 .text.FLASH_Program_Byte
                0x00000000080068dc       0x20 Drivers/STM32F2xx_HAL_Driver/Src/stm32f2xx_hal_flash.o
 .text.FLASH_SetErrorCode
                0x00000000080068fc       0x80 Drivers/STM32F2xx_HAL_Driver/Src/stm32f2xx_hal_flash.o
 .text.HAL_FLASH_Program_IT
                0x000000000800697c       0x70 Drivers/STM32F2xx_HAL_Driver/Src/stm32f2xx_hal_flash.o
                0x000000000800697c                HAL_FLASH_Program_IT
 .text.HAL_FLASH_EndOfOperationCallback
                0x00000000080069ec        0x4 Drivers/STM32F2xx_HAL_Driver/Src/stm32f2xx_hal_flash.o
                0x00000000080069ec                HAL_FLASH_EndOfOperationCallback
 .text.HAL_FLASH_OperationErrorCallback
                0x00000000080069f0        0x4 Drivers/STM32F2xx_HAL_Driver/Src/stm32f2xx_hal_flash.o
                0x00000000080069f0                HAL_FLASH_OperationErrorCallback
 .text.HAL_FLASH_IRQHandler
                0x00000000080069f4      0x114 Drivers/STM32F2xx_HAL_Driver/Src/stm32f2xx_hal_flash.o
                0x00000000080069f4                HAL_FLASH_IRQHandler
 .text.HAL_FLASH_Unlock
                0x0000000008006b08       0x24 Drivers/STM32F2xx_HAL_Driver/Src/stm32f2xx_hal_flash.o
                0x0000000008006b08                HAL_FLASH_Unlock
 .text.HAL_FLASH_Lock
                0x0000000008006b2c       0x14 Drivers/STM32F2xx_HAL_Driver/Src/stm32f2xx_hal_flash.o
                0x0000000008006b2c                HAL_FLASH_Lock
 .text.HAL_FLASH_OB_Unlock
                0x0000000008006b40       0x28 Drivers/STM32F2xx_HAL_Driver/Src/stm32f2xx_hal_flash.o
                0x0000000008006b40                HAL_FLASH_OB_Unlock
 .text.HAL_FLASH_OB_Lock
                0x0000000008006b68       0x14 Drivers/STM32F2xx_HAL_Driver/Src/stm32f2xx_hal_flash.o
                0x0000000008006b68                HAL_FLASH_OB_Lock
 .text.HAL_FLASH_GetError
                0x0000000008006b7c        0xc Drivers/STM32F2xx_HAL_Driver/Src/stm32f2xx_hal_flash.o
                0x0000000008006b7c                HAL_FLASH_GetError
 .text.FLASH_WaitForLastOperation
                0x0000000008006b88       0x44 Drivers/STM32F2xx_HAL_Driver/Src/stm32f2xx_hal_flash.o
                0x0000000008006b88                FLASH_WaitForLastOperation
 .text.HAL_FLASH_Program
                0x0000000008006bcc       0x80 Drivers/STM32F2xx_HAL_Driver/Src/stm32f2xx_hal_flash.o
                0x0000000008006bcc                HAL_FLASH_Program
 .text.HAL_FLASH_OB_Launch
                0x0000000008006c4c       0x1c Drivers/STM32F2xx_HAL_Driver/Src/stm32f2xx_hal_flash.o
                0x0000000008006c4c                HAL_FLASH_OB_Launch
 .text.FLASH_MassErase
                0x0000000008006c68       0x24 Drivers/STM32F2xx_HAL_Driver/Src/stm32f2xx_hal_flash_ex.o
 .text.FLASH_OB_BOR_LevelConfig
                0x0000000008006c8c       0x18 Drivers/STM32F2xx_HAL_Driver/Src/stm32f2xx_hal_flash_ex.o
 .text.FLASH_OB_GetUser
                0x0000000008006ca4       0x10 Drivers/STM32F2xx_HAL_Driver/Src/stm32f2xx_hal_flash_ex.o
 .text.FLASH_OB_GetWRP
                0x0000000008006cb4        0xc Drivers/STM32F2xx_HAL_Driver/Src/stm32f2xx_hal_flash_ex.o
 .text.FLASH_OB_GetRDP
                0x0000000008006cc0       0x18 Drivers/STM32F2xx_HAL_Driver/Src/stm32f2xx_hal_flash_ex.o
 .text.FLASH_OB_GetBOR
                0x0000000008006cd8       0x10 Drivers/STM32F2xx_HAL_Driver/Src/stm32f2xx_hal_flash_ex.o
 .text.FLASH_OB_EnableWRP
                0x0000000008006ce8       0x24 Drivers/STM32F2xx_HAL_Driver/Src/stm32f2xx_hal_flash_ex.o
 .text.FLASH_OB_DisableWRP
                0x0000000008006d0c       0x24 Drivers/STM32F2xx_HAL_Driver/Src/stm32f2xx_hal_flash_ex.o
 .text.FLASH_OB_RDP_LevelConfig
                0x0000000008006d30       0x1c Drivers/STM32F2xx_HAL_Driver/Src/stm32f2xx_hal_flash_ex.o
 .text.FLASH_OB_UserConfig
                0x0000000008006d4c       0x2c Drivers/STM32F2xx_HAL_Driver/Src/stm32f2xx_hal_flash_ex.o
 .text.HAL_FLASHEx_OBProgram
                0x0000000008006d78       0x78 Drivers/STM32F2xx_HAL_Driver/Src/stm32f2xx_hal_flash_ex.o
                0x0000000008006d78                HAL_FLASHEx_OBProgram
 .text.HAL_FLASHEx_OBGetConfig
                0x0000000008006df0       0x24 Drivers/STM32F2xx_HAL_Driver/Src/stm32f2xx_hal_flash_ex.o
                0x0000000008006df0                HAL_FLASHEx_OBGetConfig
 .text.FLASH_Erase_Sector
                0x0000000008006e14       0x64 Drivers/STM32F2xx_HAL_Driver/Src/stm32f2xx_hal_flash_ex.o
                0x0000000008006e14                FLASH_Erase_Sector
 .text.HAL_FLASHEx_Erase
                0x0000000008006e78       0x9c Drivers/STM32F2xx_HAL_Driver/Src/stm32f2xx_hal_flash_ex.o
                0x0000000008006e78                HAL_FLASHEx_Erase
 .text.HAL_FLASHEx_Erase_IT
                0x0000000008006f14       0x64 Drivers/STM32F2xx_HAL_Driver/Src/stm32f2xx_hal_flash_ex.o
                0x0000000008006f14                HAL_FLASHEx_Erase_IT
 .text.HAL_GPIO_Init
                0x0000000008006f78      0x200 Drivers/STM32F2xx_HAL_Driver/Src/stm32f2xx_hal_gpio.o
                0x0000000008006f78                HAL_GPIO_Init
 .text.HAL_GPIO_DeInit
                0x0000000008007178       0x9c Drivers/STM32F2xx_HAL_Driver/Src/stm32f2xx_hal_gpio.o
                0x0000000008007178                HAL_GPIO_DeInit
 .text.HAL_GPIO_ReadPin
                0x0000000008007214       0x10 Drivers/STM32F2xx_HAL_Driver/Src/stm32f2xx_hal_gpio.o
                0x0000000008007214                HAL_GPIO_ReadPin
 .text.HAL_GPIO_WritePin
                0x0000000008007224        0xc Drivers/STM32F2xx_HAL_Driver/Src/stm32f2xx_hal_gpio.o
                0x0000000008007224                HAL_GPIO_WritePin
 .text.HAL_GPIO_TogglePin
                0x0000000008007230        0x8 Drivers/STM32F2xx_HAL_Driver/Src/stm32f2xx_hal_gpio.o
                0x0000000008007230                HAL_GPIO_TogglePin
 .text.HAL_GPIO_EXTI_Callback
                0x0000000008007238        0x4 Drivers/STM32F2xx_HAL_Driver/Src/stm32f2xx_hal_gpio.o
                0x0000000008007238                HAL_GPIO_EXTI_Callback
 .text.HAL_GPIO_EXTI_IRQHandler
                0x000000000800723c       0x18 Drivers/STM32F2xx_HAL_Driver/Src/stm32f2xx_hal_gpio.o
                0x000000000800723c                HAL_GPIO_EXTI_IRQHandler
 .text.I2C_MasterTransmit_TXE
                0x0000000008007254       0x40 Drivers/STM32F2xx_HAL_Driver/Src/stm32f2xx_hal_i2c.o
 .text.I2C_SlaveTransmit_TXE
                0x0000000008007294       0x38 Drivers/STM32F2xx_HAL_Driver/Src/stm32f2xx_hal_i2c.o
 .text.I2C_SlaveTransmit_BTF
                0x00000000080072cc       0x38 Drivers/STM32F2xx_HAL_Driver/Src/stm32f2xx_hal_i2c.o
 .text.I2C_SlaveReceive_RXNE
                0x0000000008007304       0x38 Drivers/STM32F2xx_HAL_Driver/Src/stm32f2xx_hal_i2c.o
 .text.I2C_SlaveReceive_BTF
                0x000000000800733c       0x38 Drivers/STM32F2xx_HAL_Driver/Src/stm32f2xx_hal_i2c.o
 .text.I2C_Slave_ADDR
                0x0000000008007374       0x24 Drivers/STM32F2xx_HAL_Driver/Src/stm32f2xx_hal_i2c.o
 .text.I2C_WaitOnMasterAddressFlagUntilTimeout
                0x0000000008007398       0x90 Drivers/STM32F2xx_HAL_Driver/Src/stm32f2xx_hal_i2c.o
 .text.I2C_WaitOnFlagUntilTimeout
                0x0000000008007428       0xc4 Drivers/STM32F2xx_HAL_Driver/Src/stm32f2xx_hal_i2c.o
 .text.I2C_MasterRequestWrite
                0x00000000080074ec       0x94 Drivers/STM32F2xx_HAL_Driver/Src/stm32f2xx_hal_i2c.o
 .text.I2C_MasterRequestRead
                0x0000000008007580       0xe8 Drivers/STM32F2xx_HAL_Driver/Src/stm32f2xx_hal_i2c.o
 .text.I2C_RequestMemoryWrite
                0x0000000008007668       0xa0 Drivers/STM32F2xx_HAL_Driver/Src/stm32f2xx_hal_i2c.o
 .text.I2C_RequestMemoryRead
                0x0000000008007708      0x100 Drivers/STM32F2xx_HAL_Driver/Src/stm32f2xx_hal_i2c.o
 .text.HAL_I2C_MspInit
                0x0000000008007808        0x4 Drivers/STM32F2xx_HAL_Driver/Src/stm32f2xx_hal_i2c.o
                0x0000000008007808                HAL_I2C_MspInit
 .text.HAL_I2C_Init
                0x000000000800780c      0x110 Drivers/STM32F2xx_HAL_Driver/Src/stm32f2xx_hal_i2c.o
                0x000000000800780c                HAL_I2C_Init
 .text.HAL_I2C_MspDeInit
                0x000000000800791c        0x4 Drivers/STM32F2xx_HAL_Driver/Src/stm32f2xx_hal_i2c.o
                0x000000000800791c                HAL_I2C_MspDeInit
 .text.HAL_I2C_DeInit
                0x0000000008007920       0x30 Drivers/STM32F2xx_HAL_Driver/Src/stm32f2xx_hal_i2c.o
                0x0000000008007920                HAL_I2C_DeInit
 .text.HAL_I2C_Master_Transmit
                0x0000000008007950      0x104 Drivers/STM32F2xx_HAL_Driver/Src/stm32f2xx_hal_i2c.o
                0x0000000008007950                HAL_I2C_Master_Transmit
 .text.HAL_I2C_Master_Receive
                0x0000000008007a54      0x208 Drivers/STM32F2xx_HAL_Driver/Src/stm32f2xx_hal_i2c.o
                0x0000000008007a54                HAL_I2C_Master_Receive
 .text.HAL_I2C_Slave_Transmit
                0x0000000008007c5c      0x12c Drivers/STM32F2xx_HAL_Driver/Src/stm32f2xx_hal_i2c.o
                0x0000000008007c5c                HAL_I2C_Slave_Transmit
 .text.HAL_I2C_Slave_Receive
                0x0000000008007d88      0x10c Drivers/STM32F2xx_HAL_Driver/Src/stm32f2xx_hal_i2c.o
                0x0000000008007d88                HAL_I2C_Slave_Receive
 .text.HAL_I2C_Master_Transmit_IT
                0x0000000008007e94       0x98 Drivers/STM32F2xx_HAL_Driver/Src/stm32f2xx_hal_i2c.o
                0x0000000008007e94                HAL_I2C_Master_Transmit_IT
 .text.HAL_I2C_Master_Receive_IT
                0x0000000008007f2c       0xe8 Drivers/STM32F2xx_HAL_Driver/Src/stm32f2xx_hal_i2c.o
                0x0000000008007f2c                HAL_I2C_Master_Receive_IT
 .text.HAL_I2C_Slave_Transmit_IT
                0x0000000008008014       0x6c Drivers/STM32F2xx_HAL_Driver/Src/stm32f2xx_hal_i2c.o
                0x0000000008008014                HAL_I2C_Slave_Transmit_IT
 .text.HAL_I2C_Slave_Receive_IT
                0x0000000008008080       0x6c Drivers/STM32F2xx_HAL_Driver/Src/stm32f2xx_hal_i2c.o
                0x0000000008008080                HAL_I2C_Slave_Receive_IT
 .text.HAL_I2C_Master_Transmit_DMA
                0x00000000080080ec       0xc0 Drivers/STM32F2xx_HAL_Driver/Src/stm32f2xx_hal_i2c.o
                0x00000000080080ec                HAL_I2C_Master_Transmit_DMA
 .text.HAL_I2C_Master_Receive_DMA
                0x00000000080081ac       0xd8 Drivers/STM32F2xx_HAL_Driver/Src/stm32f2xx_hal_i2c.o
                0x00000000080081ac                HAL_I2C_Master_Receive_DMA
 .text.HAL_I2C_Slave_Transmit_DMA
                0x0000000008008284       0xdc Drivers/STM32F2xx_HAL_Driver/Src/stm32f2xx_hal_i2c.o
                0x0000000008008284                HAL_I2C_Slave_Transmit_DMA
 .text.HAL_I2C_Slave_Receive_DMA
                0x0000000008008360       0xb4 Drivers/STM32F2xx_HAL_Driver/Src/stm32f2xx_hal_i2c.o
                0x0000000008008360                HAL_I2C_Slave_Receive_DMA
 .text.HAL_I2C_Mem_Write
                0x0000000008008414      0x110 Drivers/STM32F2xx_HAL_Driver/Src/stm32f2xx_hal_i2c.o
                0x0000000008008414                HAL_I2C_Mem_Write
 .text.HAL_I2C_Mem_Read
                0x0000000008008524      0x228 Drivers/STM32F2xx_HAL_Driver/Src/stm32f2xx_hal_i2c.o
                0x0000000008008524                HAL_I2C_Mem_Read
 .text.HAL_I2C_Mem_Write_IT
                0x000000000800874c       0xa0 Drivers/STM32F2xx_HAL_Driver/Src/stm32f2xx_hal_i2c.o
                0x000000000800874c                HAL_I2C_Mem_Write_IT
 .text.HAL_I2C_Mem_Read_IT
                0x00000000080087ec       0xf8 Drivers/STM32F2xx_HAL_Driver/Src/stm32f2xx_hal_i2c.o
                0x00000000080087ec                HAL_I2C_Mem_Read_IT
 .text.HAL_I2C_Mem_Write_DMA
                0x00000000080088e4       0xd4 Drivers/STM32F2xx_HAL_Driver/Src/stm32f2xx_hal_i2c.o
                0x00000000080088e4                HAL_I2C_Mem_Write_DMA
 .text.HAL_I2C_Mem_Read_DMA
                0x00000000080089b8       0xfc Drivers/STM32F2xx_HAL_Driver/Src/stm32f2xx_hal_i2c.o
                0x00000000080089b8                HAL_I2C_Mem_Read_DMA
 .text.HAL_I2C_IsDeviceReady
                0x0000000008008ab4      0x144 Drivers/STM32F2xx_HAL_Driver/Src/stm32f2xx_hal_i2c.o
                0x0000000008008ab4                HAL_I2C_IsDeviceReady
 .text.HAL_I2C_MasterTxCpltCallback
                0x0000000008008bf8        0x4 Drivers/STM32F2xx_HAL_Driver/Src/stm32f2xx_hal_i2c.o
                0x0000000008008bf8                HAL_I2C_MasterTxCpltCallback
 .text.HAL_I2C_MasterRxCpltCallback
                0x0000000008008bfc        0x4 Drivers/STM32F2xx_HAL_Driver/Src/stm32f2xx_hal_i2c.o
                0x0000000008008bfc                HAL_I2C_MasterRxCpltCallback
 .text.HAL_I2C_SlaveTxCpltCallback
                0x0000000008008c00        0x4 Drivers/STM32F2xx_HAL_Driver/Src/stm32f2xx_hal_i2c.o
                0x0000000008008c00                HAL_I2C_SlaveTxCpltCallback
 .text.I2C_Slave_AF
                0x0000000008008c04       0x60 Drivers/STM32F2xx_HAL_Driver/Src/stm32f2xx_hal_i2c.o
 .text.HAL_I2C_SlaveRxCpltCallback
                0x0000000008008c64        0x4 Drivers/STM32F2xx_HAL_Driver/Src/stm32f2xx_hal_i2c.o
                0x0000000008008c64                HAL_I2C_SlaveRxCpltCallback
 .text.I2C_Slave_STOPF
                0x0000000008008c68       0x60 Drivers/STM32F2xx_HAL_Driver/Src/stm32f2xx_hal_i2c.o
 .text.HAL_I2C_MemTxCpltCallback
                0x0000000008008cc8        0x4 Drivers/STM32F2xx_HAL_Driver/Src/stm32f2xx_hal_i2c.o
                0x0000000008008cc8                HAL_I2C_MemTxCpltCallback
 .text.I2C_MasterTransmit_BTF
                0x0000000008008ccc       0x98 Drivers/STM32F2xx_HAL_Driver/Src/stm32f2xx_hal_i2c.o
 .text.HAL_I2C_MemRxCpltCallback
                0x0000000008008d64        0x4 Drivers/STM32F2xx_HAL_Driver/Src/stm32f2xx_hal_i2c.o
                0x0000000008008d64                HAL_I2C_MemRxCpltCallback
 .text.I2C_MasterReceive_RXNE
                0x0000000008008d68       0xbc Drivers/STM32F2xx_HAL_Driver/Src/stm32f2xx_hal_i2c.o
 .text.I2C_MasterReceive_BTF
                0x0000000008008e24       0xf0 Drivers/STM32F2xx_HAL_Driver/Src/stm32f2xx_hal_i2c.o
 .text.HAL_I2C_EV_IRQHandler
                0x0000000008008f14      0x104 Drivers/STM32F2xx_HAL_Driver/Src/stm32f2xx_hal_i2c.o
                0x0000000008008f14                HAL_I2C_EV_IRQHandler
 .text.HAL_I2C_ErrorCallback
                0x0000000008009018        0x4 Drivers/STM32F2xx_HAL_Driver/Src/stm32f2xx_hal_i2c.o
                0x0000000008009018                HAL_I2C_ErrorCallback
 .text.I2C_DMAError
                0x000000000800901c       0x2c Drivers/STM32F2xx_HAL_Driver/Src/stm32f2xx_hal_i2c.o
 .text.I2C_DMAMasterTransmitCplt
                0x0000000008009048       0x78 Drivers/STM32F2xx_HAL_Driver/Src/stm32f2xx_hal_i2c.o
 .text.I2C_DMAMasterReceiveCplt
                0x00000000080090c0       0x70 Drivers/STM32F2xx_HAL_Driver/Src/stm32f2xx_hal_i2c.o
 .text.I2C_DMASlaveTransmitCplt
                0x0000000008009130       0x80 Drivers/STM32F2xx_HAL_Driver/Src/stm32f2xx_hal_i2c.o
 .text.I2C_DMASlaveReceiveCplt
                0x00000000080091b0       0x84 Drivers/STM32F2xx_HAL_Driver/Src/stm32f2xx_hal_i2c.o
 .text.I2C_DMAMemTransmitCplt
                0x0000000008009234       0x78 Drivers/STM32F2xx_HAL_Driver/Src/stm32f2xx_hal_i2c.o
 .text.I2C_DMAMemReceiveCplt
                0x00000000080092ac       0x70 Drivers/STM32F2xx_HAL_Driver/Src/stm32f2xx_hal_i2c.o
 .text.HAL_I2C_ER_IRQHandler
                0x000000000800931c       0xd4 Drivers/STM32F2xx_HAL_Driver/Src/stm32f2xx_hal_i2c.o
                0x000000000800931c                HAL_I2C_ER_IRQHandler
 .text.HAL_I2C_GetState
                0x00000000080093f0        0x8 Drivers/STM32F2xx_HAL_Driver/Src/stm32f2xx_hal_i2c.o
                0x00000000080093f0                HAL_I2C_GetState
 .text.HAL_I2C_GetError
                0x00000000080093f8        0x8 Drivers/STM32F2xx_HAL_Driver/Src/stm32f2xx_hal_i2c.o
                0x00000000080093f8                HAL_I2C_GetError
 .text.HAL_PWR_DeInit
                0x0000000008009400       0x18 Drivers/STM32F2xx_HAL_Driver/Src/stm32f2xx_hal_pwr.o
                0x0000000008009400                HAL_PWR_DeInit
 .text.HAL_PWR_EnableBkUpAccess
                0x0000000008009418        0xc Drivers/STM32F2xx_HAL_Driver/Src/stm32f2xx_hal_pwr.o
                0x0000000008009418                HAL_PWR_EnableBkUpAccess
 .text.HAL_PWR_DisableBkUpAccess
                0x0000000008009424        0xc Drivers/STM32F2xx_HAL_Driver/Src/stm32f2xx_hal_pwr.o
                0x0000000008009424                HAL_PWR_DisableBkUpAccess
 .text.HAL_PWR_PVDConfig
                0x0000000008009430       0x64 Drivers/STM32F2xx_HAL_Driver/Src/stm32f2xx_hal_pwr.o
                0x0000000008009430                HAL_PWR_PVDConfig
 .text.HAL_PWR_EnablePVD
                0x0000000008009494        0xc Drivers/STM32F2xx_HAL_Driver/Src/stm32f2xx_hal_pwr.o
                0x0000000008009494                HAL_PWR_EnablePVD
 .text.HAL_PWR_DisablePVD
                0x00000000080094a0        0xc Drivers/STM32F2xx_HAL_Driver/Src/stm32f2xx_hal_pwr.o
                0x00000000080094a0                HAL_PWR_DisablePVD
 .text.HAL_PWR_EnableWakeUpPin
                0x00000000080094ac        0xc Drivers/STM32F2xx_HAL_Driver/Src/stm32f2xx_hal_pwr.o
                0x00000000080094ac                HAL_PWR_EnableWakeUpPin
 .text.HAL_PWR_DisableWakeUpPin
                0x00000000080094b8        0xc Drivers/STM32F2xx_HAL_Driver/Src/stm32f2xx_hal_pwr.o
                0x00000000080094b8                HAL_PWR_DisableWakeUpPin
 .text.HAL_PWR_EnterSLEEPMode
                0x00000000080094c4       0x24 Drivers/STM32F2xx_HAL_Driver/Src/stm32f2xx_hal_pwr.o
                0x00000000080094c4                HAL_PWR_EnterSLEEPMode
 .text.HAL_PWR_EnterSTOPMode
                0x00000000080094e8       0x34 Drivers/STM32F2xx_HAL_Driver/Src/stm32f2xx_hal_pwr.o
                0x00000000080094e8                HAL_PWR_EnterSTOPMode
 .text.HAL_PWR_EnterSTANDBYMode
                0x000000000800951c       0x28 Drivers/STM32F2xx_HAL_Driver/Src/stm32f2xx_hal_pwr.o
                0x000000000800951c                HAL_PWR_EnterSTANDBYMode
 .text.HAL_PWR_PVDCallback
                0x0000000008009544        0x4 Drivers/STM32F2xx_HAL_Driver/Src/stm32f2xx_hal_pwr.o
                0x0000000008009544                HAL_PWR_PVDCallback
 .text.HAL_PWR_PVD_IRQHandler
                0x0000000008009548       0x20 Drivers/STM32F2xx_HAL_Driver/Src/stm32f2xx_hal_pwr.o
                0x0000000008009548                HAL_PWR_PVD_IRQHandler
 .text.HAL_PWREx_EnableBkUpReg
                0x0000000008009568       0x34 Drivers/STM32F2xx_HAL_Driver/Src/stm32f2xx_hal_pwr_ex.o
                0x0000000008009568                HAL_PWREx_EnableBkUpReg
 .text.HAL_PWREx_DisableBkUpReg
                0x000000000800959c       0x34 Drivers/STM32F2xx_HAL_Driver/Src/stm32f2xx_hal_pwr_ex.o
                0x000000000800959c                HAL_PWREx_DisableBkUpReg
 .text.HAL_PWREx_EnableFlashPowerDown
                0x00000000080095d0        0xc Drivers/STM32F2xx_HAL_Driver/Src/stm32f2xx_hal_pwr_ex.o
                0x00000000080095d0                HAL_PWREx_EnableFlashPowerDown
 .text.HAL_PWREx_DisableFlashPowerDown
                0x00000000080095dc        0xc Drivers/STM32F2xx_HAL_Driver/Src/stm32f2xx_hal_pwr_ex.o
                0x00000000080095dc                HAL_PWREx_DisableFlashPowerDown
 .text.HAL_RCC_DeInit
                0x00000000080095e8       0x4c Drivers/STM32F2xx_HAL_Driver/Src/stm32f2xx_hal_rcc.o
                0x00000000080095e8                HAL_RCC_DeInit
 .text.HAL_RCC_OscConfig
                0x0000000008009634      0x3b0 Drivers/STM32F2xx_HAL_Driver/Src/stm32f2xx_hal_rcc.o
                0x0000000008009634                HAL_RCC_OscConfig
 .text.HAL_RCC_MCOConfig
                0x00000000080099e4       0x84 Drivers/STM32F2xx_HAL_Driver/Src/stm32f2xx_hal_rcc.o
                0x00000000080099e4                HAL_RCC_MCOConfig
 .text.HAL_RCC_EnableCSS
                0x0000000008009a68        0xc Drivers/STM32F2xx_HAL_Driver/Src/stm32f2xx_hal_rcc.o
                0x0000000008009a68                HAL_RCC_EnableCSS
 .text.HAL_RCC_DisableCSS
                0x0000000008009a74        0xc Drivers/STM32F2xx_HAL_Driver/Src/stm32f2xx_hal_rcc.o
                0x0000000008009a74                HAL_RCC_DisableCSS
 .text.HAL_RCC_GetSysClockFreq
                0x0000000008009a80       0xac Drivers/STM32F2xx_HAL_Driver/Src/stm32f2xx_hal_rcc.o
                0x0000000008009a80                HAL_RCC_GetSysClockFreq
 .text.HAL_RCC_GetHCLKFreq
                0x0000000008009b2c       0x38 Drivers/STM32F2xx_HAL_Driver/Src/stm32f2xx_hal_rcc.o
                0x0000000008009b2c                HAL_RCC_GetHCLKFreq
 .text.HAL_RCC_ClockConfig
                0x0000000008009b64      0x240 Drivers/STM32F2xx_HAL_Driver/Src/stm32f2xx_hal_rcc.o
                0x0000000008009b64                HAL_RCC_ClockConfig
 .text.HAL_RCC_GetPCLK1Freq
                0x0000000008009da4       0x30 Drivers/STM32F2xx_HAL_Driver/Src/stm32f2xx_hal_rcc.o
                0x0000000008009da4                HAL_RCC_GetPCLK1Freq
 .text.HAL_RCC_GetPCLK2Freq
                0x0000000008009dd4       0x30 Drivers/STM32F2xx_HAL_Driver/Src/stm32f2xx_hal_rcc.o
                0x0000000008009dd4                HAL_RCC_GetPCLK2Freq
 .text.HAL_RCC_GetOscConfig
                0x0000000008009e04      0x108 Drivers/STM32F2xx_HAL_Driver/Src/stm32f2xx_hal_rcc.o
                0x0000000008009e04                HAL_RCC_GetOscConfig
 .text.HAL_RCC_GetClockConfig
                0x0000000008009f0c       0x3c Drivers/STM32F2xx_HAL_Driver/Src/stm32f2xx_hal_rcc.o
                0x0000000008009f0c                HAL_RCC_GetClockConfig
 .text.HAL_RCC_CCSCallback
                0x0000000008009f48        0x4 Drivers/STM32F2xx_HAL_Driver/Src/stm32f2xx_hal_rcc.o
                0x0000000008009f48                HAL_RCC_CCSCallback
 .text.HAL_RCC_NMI_IRQHandler
                0x0000000008009f4c       0x20 Drivers/STM32F2xx_HAL_Driver/Src/stm32f2xx_hal_rcc.o
                0x0000000008009f4c                HAL_RCC_NMI_IRQHandler
 .text.HAL_RCCEx_PeriphCLKConfig
                0x0000000008009f6c      0x164 Drivers/STM32F2xx_HAL_Driver/Src/stm32f2xx_hal_rcc_ex.o
                0x0000000008009f6c                HAL_RCCEx_PeriphCLKConfig
 .text.HAL_RCCEx_GetPeriphCLKConfig
                0x000000000800a0d0       0x54 Drivers/STM32F2xx_HAL_Driver/Src/stm32f2xx_hal_rcc_ex.o
                0x000000000800a0d0                HAL_RCCEx_GetPeriphCLKConfig
 .text.HAL_SRAM_DMA_XferCpltCallback
                0x000000000800a124        0x4 Drivers/STM32F2xx_HAL_Driver/Src/stm32f2xx_hal_sram.o
                0x000000000800a124                HAL_SRAM_DMA_XferCpltCallback
 .text.HAL_SRAM_DMA_XferErrorCallback
                0x000000000800a128        0x4 Drivers/STM32F2xx_HAL_Driver/Src/stm32f2xx_hal_sram.o
                0x000000000800a128                HAL_SRAM_DMA_XferErrorCallback
 .text.HAL_SRAM_MspInit
                0x000000000800a12c        0x4 Drivers/STM32F2xx_HAL_Driver/Src/stm32f2xx_hal_sram.o
                0x000000000800a12c                HAL_SRAM_MspInit
 .text.HAL_SRAM_Init
                0x000000000800a130       0x50 Drivers/STM32F2xx_HAL_Driver/Src/stm32f2xx_hal_sram.o
                0x000000000800a130                HAL_SRAM_Init
 .text.HAL_SRAM_MspDeInit
                0x000000000800a180        0x4 Drivers/STM32F2xx_HAL_Driver/Src/stm32f2xx_hal_sram.o
                0x000000000800a180                HAL_SRAM_MspDeInit
 .text.HAL_SRAM_DeInit
                0x000000000800a184       0x20 Drivers/STM32F2xx_HAL_Driver/Src/stm32f2xx_hal_sram.o
                0x000000000800a184                HAL_SRAM_DeInit
 .text.HAL_SRAM_Read_8b
                0x000000000800a1a4       0x40 Drivers/STM32F2xx_HAL_Driver/Src/stm32f2xx_hal_sram.o
                0x000000000800a1a4                HAL_SRAM_Read_8b
 .text.HAL_SRAM_Write_8b
                0x000000000800a1e4       0x4c Drivers/STM32F2xx_HAL_Driver/Src/stm32f2xx_hal_sram.o
                0x000000000800a1e4                HAL_SRAM_Write_8b
 .text.HAL_SRAM_Read_16b
                0x000000000800a230       0x40 Drivers/STM32F2xx_HAL_Driver/Src/stm32f2xx_hal_sram.o
                0x000000000800a230                HAL_SRAM_Read_16b
 .text.HAL_SRAM_Write_16b
                0x000000000800a270       0x4c Drivers/STM32F2xx_HAL_Driver/Src/stm32f2xx_hal_sram.o
                0x000000000800a270                HAL_SRAM_Write_16b
 .text.HAL_SRAM_Read_32b
                0x000000000800a2bc       0x40 Drivers/STM32F2xx_HAL_Driver/Src/stm32f2xx_hal_sram.o
                0x000000000800a2bc                HAL_SRAM_Read_32b
 .text.HAL_SRAM_Write_32b
                0x000000000800a2fc       0x4c Drivers/STM32F2xx_HAL_Driver/Src/stm32f2xx_hal_sram.o
                0x000000000800a2fc                HAL_SRAM_Write_32b
 .text.HAL_SRAM_Read_DMA
                0x000000000800a348       0x44 Drivers/STM32F2xx_HAL_Driver/Src/stm32f2xx_hal_sram.o
                0x000000000800a348                HAL_SRAM_Read_DMA
 .text.HAL_SRAM_Write_DMA
                0x000000000800a38c       0x58 Drivers/STM32F2xx_HAL_Driver/Src/stm32f2xx_hal_sram.o
                0x000000000800a38c                HAL_SRAM_Write_DMA
 .text.HAL_SRAM_WriteOperation_Enable
                0x000000000800a3e4       0x2c Drivers/STM32F2xx_HAL_Driver/Src/stm32f2xx_hal_sram.o
                0x000000000800a3e4                HAL_SRAM_WriteOperation_Enable
 .text.HAL_SRAM_WriteOperation_Disable
                0x000000000800a410       0x34 Drivers/STM32F2xx_HAL_Driver/Src/stm32f2xx_hal_sram.o
                0x000000000800a410                HAL_SRAM_WriteOperation_Disable
 .text.HAL_SRAM_GetState
                0x000000000800a444        0x8 Drivers/STM32F2xx_HAL_Driver/Src/stm32f2xx_hal_sram.o
                0x000000000800a444                HAL_SRAM_GetState
 .text.UART_SetConfig
                0x000000000800a44c      0x210 Drivers/STM32F2xx_HAL_Driver/Src/stm32f2xx_hal_uart.o
 .text.UART_WaitOnFlagUntilTimeout
                0x000000000800a65c       0xcc Drivers/STM32F2xx_HAL_Driver/Src/stm32f2xx_hal_uart.o
 .text.HAL_UART_MspInit
                0x000000000800a728        0x4 Drivers/STM32F2xx_HAL_Driver/Src/stm32f2xx_hal_uart.o
                0x000000000800a728                HAL_UART_MspInit
 .text.HAL_UART_Init
                0x000000000800a72c       0x5c Drivers/STM32F2xx_HAL_Driver/Src/stm32f2xx_hal_uart.o
                0x000000000800a72c                HAL_UART_Init
 .text.HAL_HalfDuplex_Init
                0x000000000800a788       0x64 Drivers/STM32F2xx_HAL_Driver/Src/stm32f2xx_hal_uart.o
                0x000000000800a788                HAL_HalfDuplex_Init
 .text.HAL_LIN_Init
                0x000000000800a7ec       0x7c Drivers/STM32F2xx_HAL_Driver/Src/stm32f2xx_hal_uart.o
                0x000000000800a7ec                HAL_LIN_Init
 .text.HAL_MultiProcessor_Init
                0x000000000800a868       0x84 Drivers/STM32F2xx_HAL_Driver/Src/stm32f2xx_hal_uart.o
                0x000000000800a868                HAL_MultiProcessor_Init
 .text.HAL_UART_MspDeInit
                0x000000000800a8ec        0x4 Drivers/STM32F2xx_HAL_Driver/Src/stm32f2xx_hal_uart.o
                0x000000000800a8ec                HAL_UART_MspDeInit
 .text.HAL_UART_DeInit
                0x000000000800a8f0       0x24 Drivers/STM32F2xx_HAL_Driver/Src/stm32f2xx_hal_uart.o
                0x000000000800a8f0                HAL_UART_DeInit
 .text.HAL_UART_Transmit
                0x000000000800a914       0xec Drivers/STM32F2xx_HAL_Driver/Src/stm32f2xx_hal_uart.o
                0x000000000800a914                HAL_UART_Transmit
 .text.HAL_UART_Receive
                0x000000000800aa00       0xf0 Drivers/STM32F2xx_HAL_Driver/Src/stm32f2xx_hal_uart.o
                0x000000000800aa00                HAL_UART_Receive
 .text.HAL_UART_Transmit_IT
                0x000000000800aaf0       0x80 Drivers/STM32F2xx_HAL_Driver/Src/stm32f2xx_hal_uart.o
                0x000000000800aaf0                HAL_UART_Transmit_IT
 .text.HAL_UART_Receive_IT
                0x000000000800ab70       0x80 Drivers/STM32F2xx_HAL_Driver/Src/stm32f2xx_hal_uart.o
                0x000000000800ab70                HAL_UART_Receive_IT
 .text.HAL_UART_Transmit_DMA
                0x000000000800abf0       0x98 Drivers/STM32F2xx_HAL_Driver/Src/stm32f2xx_hal_uart.o
                0x000000000800abf0                HAL_UART_Transmit_DMA
 .text.HAL_UART_Receive_DMA
                0x000000000800ac88       0x9c Drivers/STM32F2xx_HAL_Driver/Src/stm32f2xx_hal_uart.o
                0x000000000800ac88                HAL_UART_Receive_DMA
 .text.HAL_UART_DMAPause
                0x000000000800ad24       0x68 Drivers/STM32F2xx_HAL_Driver/Src/stm32f2xx_hal_uart.o
                0x000000000800ad24                HAL_UART_DMAPause
 .text.HAL_UART_DMAResume
                0x000000000800ad8c       0x78 Drivers/STM32F2xx_HAL_Driver/Src/stm32f2xx_hal_uart.o
                0x000000000800ad8c                HAL_UART_DMAResume
 .text.HAL_UART_DMAStop
                0x000000000800ae04       0x54 Drivers/STM32F2xx_HAL_Driver/Src/stm32f2xx_hal_uart.o
                0x000000000800ae04                HAL_UART_DMAStop
 .text.HAL_UART_TxCpltCallback
                0x000000000800ae58        0x4 Drivers/STM32F2xx_HAL_Driver/Src/stm32f2xx_hal_uart.o
                0x000000000800ae58                HAL_UART_TxCpltCallback
 .text.UART_Transmit_IT
                0x000000000800ae5c       0xb4 Drivers/STM32F2xx_HAL_Driver/Src/stm32f2xx_hal_uart.o
 .text.HAL_UART_TxHalfCpltCallback
                0x000000000800af10        0x4 Drivers/STM32F2xx_HAL_Driver/Src/stm32f2xx_hal_uart.o
                0x000000000800af10                HAL_UART_TxHalfCpltCallback
 .text.UART_DMATxHalfCplt
                0x000000000800af14        0xc Drivers/STM32F2xx_HAL_Driver/Src/stm32f2xx_hal_uart.o
 .text.HAL_UART_RxCpltCallback
                0x000000000800af20        0x4 Drivers/STM32F2xx_HAL_Driver/Src/stm32f2xx_hal_uart.o
                0x000000000800af20                HAL_UART_RxCpltCallback
 .text.UART_DMAReceiveCplt
                0x000000000800af24       0x30 Drivers/STM32F2xx_HAL_Driver/Src/stm32f2xx_hal_uart.o
 .text.UART_Receive_IT
                0x000000000800af54       0xd8 Drivers/STM32F2xx_HAL_Driver/Src/stm32f2xx_hal_uart.o
 .text.HAL_UART_RxHalfCpltCallback
                0x000000000800b02c        0x4 Drivers/STM32F2xx_HAL_Driver/Src/stm32f2xx_hal_uart.o
                0x000000000800b02c                HAL_UART_RxHalfCpltCallback
 .text.UART_DMARxHalfCplt
                0x000000000800b030        0xc Drivers/STM32F2xx_HAL_Driver/Src/stm32f2xx_hal_uart.o
 .text.HAL_UART_ErrorCallback
                0x000000000800b03c        0x4 Drivers/STM32F2xx_HAL_Driver/Src/stm32f2xx_hal_uart.o
                0x000000000800b03c                HAL_UART_ErrorCallback
 .text.UART_DMAError
                0x000000000800b040       0x24 Drivers/STM32F2xx_HAL_Driver/Src/stm32f2xx_hal_uart.o
 .text.UART_DMATransmitCplt
                0x000000000800b064       0x50 Drivers/STM32F2xx_HAL_Driver/Src/stm32f2xx_hal_uart.o
 .text.HAL_UART_IRQHandler
                0x000000000800b0b4       0xf8 Drivers/STM32F2xx_HAL_Driver/Src/stm32f2xx_hal_uart.o
                0x000000000800b0b4                HAL_UART_IRQHandler
 .text.HAL_LIN_SendBreak
                0x000000000800b1ac       0x30 Drivers/STM32F2xx_HAL_Driver/Src/stm32f2xx_hal_uart.o
                0x000000000800b1ac                HAL_LIN_SendBreak
 .text.HAL_MultiProcessor_EnterMuteMode
                0x000000000800b1dc       0x30 Drivers/STM32F2xx_HAL_Driver/Src/stm32f2xx_hal_uart.o
                0x000000000800b1dc                HAL_MultiProcessor_EnterMuteMode
 .text.HAL_MultiProcessor_ExitMuteMode
                0x000000000800b20c       0x30 Drivers/STM32F2xx_HAL_Driver/Src/stm32f2xx_hal_uart.o
                0x000000000800b20c                HAL_MultiProcessor_ExitMuteMode
 .text.HAL_HalfDuplex_EnableTransmitter
                0x000000000800b23c       0x34 Drivers/STM32F2xx_HAL_Driver/Src/stm32f2xx_hal_uart.o
                0x000000000800b23c                HAL_HalfDuplex_EnableTransmitter
 .text.HAL_HalfDuplex_EnableReceiver
                0x000000000800b270       0x34 Drivers/STM32F2xx_HAL_Driver/Src/stm32f2xx_hal_uart.o
                0x000000000800b270                HAL_HalfDuplex_EnableReceiver
 .text.HAL_UART_GetState
                0x000000000800b2a4        0x8 Drivers/STM32F2xx_HAL_Driver/Src/stm32f2xx_hal_uart.o
                0x000000000800b2a4                HAL_UART_GetState
 .text.HAL_UART_GetError
                0x000000000800b2ac        0x8 Drivers/STM32F2xx_HAL_Driver/Src/stm32f2xx_hal_uart.o
                0x000000000800b2ac                HAL_UART_GetError
 .text.FSMC_NORSRAM_Init
                0x000000000800b2b4       0x48 Drivers/STM32F2xx_HAL_Driver/Src/stm32f2xx_ll_fsmc.o
                0x000000000800b2b4                FSMC_NORSRAM_Init
 .text.FSMC_NORSRAM_DeInit
                0x000000000800b2fc       0x38 Drivers/STM32F2xx_HAL_Driver/Src/stm32f2xx_ll_fsmc.o
                0x000000000800b2fc                FSMC_NORSRAM_DeInit
 .text.FSMC_NORSRAM_Timing_Init
                0x000000000800b334       0x38 Drivers/STM32F2xx_HAL_Driver/Src/stm32f2xx_ll_fsmc.o
                0x000000000800b334                FSMC_NORSRAM_Timing_Init
 .text.FSMC_NORSRAM_Extended_Timing_Init
                0x000000000800b36c       0x48 Drivers/STM32F2xx_HAL_Driver/Src/stm32f2xx_ll_fsmc.o
                0x000000000800b36c                FSMC_NORSRAM_Extended_Timing_Init
 .text.FSMC_NORSRAM_WriteOperation_Enable
                0x000000000800b3b4       0x10 Drivers/STM32F2xx_HAL_Driver/Src/stm32f2xx_ll_fsmc.o
                0x000000000800b3b4                FSMC_NORSRAM_WriteOperation_Enable
 .text.FSMC_NORSRAM_WriteOperation_Disable
                0x000000000800b3c4       0x10 Drivers/STM32F2xx_HAL_Driver/Src/stm32f2xx_ll_fsmc.o
                0x000000000800b3c4                FSMC_NORSRAM_WriteOperation_Disable
 .text.FSMC_NAND_Init
                0x000000000800b3d4       0x30 Drivers/STM32F2xx_HAL_Driver/Src/stm32f2xx_ll_fsmc.o
                0x000000000800b3d4                FSMC_NAND_Init
 .text.FSMC_NAND_CommonSpace_Timing_Init
                0x000000000800b404       0x28 Drivers/STM32F2xx_HAL_Driver/Src/stm32f2xx_ll_fsmc.o
                0x000000000800b404                FSMC_NAND_CommonSpace_Timing_Init
 .text.FSMC_NAND_AttributeSpace_Timing_Init
                0x000000000800b42c       0x28 Drivers/STM32F2xx_HAL_Driver/Src/stm32f2xx_ll_fsmc.o
                0x000000000800b42c                FSMC_NAND_AttributeSpace_Timing_Init
 .text.FSMC_NAND_DeInit
                0x000000000800b454       0x40 Drivers/STM32F2xx_HAL_Driver/Src/stm32f2xx_ll_fsmc.o
                0x000000000800b454                FSMC_NAND_DeInit
 .text.FSMC_NAND_ECC_Enable
                0x000000000800b494       0x1c Drivers/STM32F2xx_HAL_Driver/Src/stm32f2xx_ll_fsmc.o
                0x000000000800b494                FSMC_NAND_ECC_Enable
 .text.FSMC_NAND_ECC_Disable
                0x000000000800b4b0       0x1c Drivers/STM32F2xx_HAL_Driver/Src/stm32f2xx_ll_fsmc.o
                0x000000000800b4b0                FSMC_NAND_ECC_Disable
 .text.FSMC_NAND_GetECC
                0x000000000800b4cc       0x58 Drivers/STM32F2xx_HAL_Driver/Src/stm32f2xx_ll_fsmc.o
                0x000000000800b4cc                FSMC_NAND_GetECC
 .text.FSMC_PCCARD_Init
                0x000000000800b524       0x18 Drivers/STM32F2xx_HAL_Driver/Src/stm32f2xx_ll_fsmc.o
                0x000000000800b524                FSMC_PCCARD_Init
 .text.FSMC_PCCARD_CommonSpace_Timing_Init
                0x000000000800b53c       0x1c Drivers/STM32F2xx_HAL_Driver/Src/stm32f2xx_ll_fsmc.o
                0x000000000800b53c                FSMC_PCCARD_CommonSpace_Timing_Init
 .text.FSMC_PCCARD_AttributeSpace_Timing_Init
                0x000000000800b558       0x1c Drivers/STM32F2xx_HAL_Driver/Src/stm32f2xx_ll_fsmc.o
                0x000000000800b558                FSMC_PCCARD_AttributeSpace_Timing_Init
 .text.FSMC_PCCARD_IOSpace_Timing_Init
                0x000000000800b574       0x1c Drivers/STM32F2xx_HAL_Driver/Src/stm32f2xx_ll_fsmc.o
                0x000000000800b574                FSMC_PCCARD_IOSpace_Timing_Init
 .text.FSMC_PCCARD_DeInit
                0x000000000800b590       0x20 Drivers/STM32F2xx_HAL_Driver/Src/stm32f2xx_ll_fsmc.o
                0x000000000800b590                FSMC_PCCARD_DeInit
 .text.makeFreeRtosPriority
                0x000000000800b5b0        0xc Middlewares/Third_Party/FreeRTOS/CMSIS_RTOS/cmsis_os.o
 .text.makeCmsisPriority
                0x000000000800b5bc       0x10 Middlewares/Third_Party/FreeRTOS/CMSIS_RTOS/cmsis_os.o
 .text.inHandlerMode
                0x000000000800b5cc        0xc Middlewares/Third_Party/FreeRTOS/CMSIS_RTOS/cmsis_os.o
 .text.osKernelSysTick
                0x000000000800b5d8       0x14 Middlewares/Third_Party/FreeRTOS/CMSIS_RTOS/cmsis_os.o
                0x000000000800b5d8                osKernelSysTick
 .text.osKernelRunning
                0x000000000800b5ec        0x8 Middlewares/Third_Party/FreeRTOS/CMSIS_RTOS/cmsis_os.o
                0x000000000800b5ec                osKernelRunning
 .text.osThreadCreate
                0x000000000800b5f4       0x34 Middlewares/Third_Party/FreeRTOS/CMSIS_RTOS/cmsis_os.o
                0x000000000800b5f4                osThreadCreate
 .text.osKernelStart
                0x000000000800b628       0x10 Middlewares/Third_Party/FreeRTOS/CMSIS_RTOS/cmsis_os.o
                0x000000000800b628                osKernelStart
 .text.osThreadGetId
                0x000000000800b638        0x8 Middlewares/Third_Party/FreeRTOS/CMSIS_RTOS/cmsis_os.o
                0x000000000800b638                osThreadGetId
 .text.osThreadTerminate
                0x000000000800b640        0xc Middlewares/Third_Party/FreeRTOS/CMSIS_RTOS/cmsis_os.o
                0x000000000800b640                osThreadTerminate
 .text.osThreadYield
                0x000000000800b64c        0xc Middlewares/Third_Party/FreeRTOS/CMSIS_RTOS/cmsis_os.o
                0x000000000800b64c                osThreadYield
 .text.osThreadSetPriority
                0x000000000800b658       0x18 Middlewares/Third_Party/FreeRTOS/CMSIS_RTOS/cmsis_os.o
                0x000000000800b658                osThreadSetPriority
 .text.osThreadGetPriority
                0x000000000800b670        0xc Middlewares/Third_Party/FreeRTOS/CMSIS_RTOS/cmsis_os.o
                0x000000000800b670                osThreadGetPriority
 .text.osDelay  0x000000000800b67c       0x10 Middlewares/Third_Party/FreeRTOS/CMSIS_RTOS/cmsis_os.o
                0x000000000800b67c                osDelay
 .text.osTimerCreate
                0x000000000800b68c        0x4 Middlewares/Third_Party/FreeRTOS/CMSIS_RTOS/cmsis_os.o
                0x000000000800b68c                osTimerCreate
 .text.osTimerStart
                0x000000000800b690        0x4 Middlewares/Third_Party/FreeRTOS/CMSIS_RTOS/cmsis_os.o
                0x000000000800b690                osTimerStart
 .text.osTimerStop
                0x000000000800b694        0x4 Middlewares/Third_Party/FreeRTOS/CMSIS_RTOS/cmsis_os.o
                0x000000000800b694                osTimerStop
 .text.osMutexCreate
                0x000000000800b698        0xc Middlewares/Third_Party/FreeRTOS/CMSIS_RTOS/cmsis_os.o
                0x000000000800b698                osMutexCreate
 .text.osMutexWait
                0x000000000800b6a4       0x3c Middlewares/Third_Party/FreeRTOS/CMSIS_RTOS/cmsis_os.o
                0x000000000800b6a4                osMutexWait
 .text.osMutexRelease
                0x000000000800b6e0       0x28 Middlewares/Third_Party/FreeRTOS/CMSIS_RTOS/cmsis_os.o
                0x000000000800b6e0                osMutexRelease
 .text.osMutexDelete
                0x000000000800b708        0xc Middlewares/Third_Party/FreeRTOS/CMSIS_RTOS/cmsis_os.o
                0x000000000800b708                osMutexDelete
 .text.osSemaphoreCreate
                0x000000000800b714       0x2c Middlewares/Third_Party/FreeRTOS/CMSIS_RTOS/cmsis_os.o
                0x000000000800b714                osSemaphoreCreate
 .text.osSemaphoreWait
                0x000000000800b740       0x3c Middlewares/Third_Party/FreeRTOS/CMSIS_RTOS/cmsis_os.o
                0x000000000800b740                osSemaphoreWait
 .text.osSemaphoreRelease
                0x000000000800b77c       0x54 Middlewares/Third_Party/FreeRTOS/CMSIS_RTOS/cmsis_os.o
                0x000000000800b77c                osSemaphoreRelease
 .text.osSemaphoreDelete
                0x000000000800b7d0        0xc Middlewares/Third_Party/FreeRTOS/CMSIS_RTOS/cmsis_os.o
                0x000000000800b7d0                osSemaphoreDelete
 .text.osPoolCreate
                0x000000000800b7dc       0x64 Middlewares/Third_Party/FreeRTOS/CMSIS_RTOS/cmsis_os.o
                0x000000000800b7dc                osPoolCreate
 .text.osPoolAlloc
                0x000000000800b840       0x60 Middlewares/Third_Party/FreeRTOS/CMSIS_RTOS/cmsis_os.o
                0x000000000800b840                osPoolAlloc
 .text.osPoolCAlloc
                0x000000000800b8a0       0x18 Middlewares/Third_Party/FreeRTOS/CMSIS_RTOS/cmsis_os.o
                0x000000000800b8a0                osPoolCAlloc
 .text.osPoolFree
                0x000000000800b8b8       0x40 Middlewares/Third_Party/FreeRTOS/CMSIS_RTOS/cmsis_os.o
                0x000000000800b8b8                osPoolFree
 .text.osMessageCreate
                0x000000000800b8f8       0x10 Middlewares/Third_Party/FreeRTOS/CMSIS_RTOS/cmsis_os.o
                0x000000000800b8f8                osMessageCreate
 .text.osMessagePut
                0x000000000800b908       0x60 Middlewares/Third_Party/FreeRTOS/CMSIS_RTOS/cmsis_os.o
                0x000000000800b908                osMessagePut
 .text.osMessageGet
                0x000000000800b968       0x90 Middlewares/Third_Party/FreeRTOS/CMSIS_RTOS/cmsis_os.o
                0x000000000800b968                osMessageGet
 .text.osMailCreate
                0x000000000800b9f8       0x60 Middlewares/Third_Party/FreeRTOS/CMSIS_RTOS/cmsis_os.o
                0x000000000800b9f8                osMailCreate
 .text.osMailAlloc
                0x000000000800ba58       0x10 Middlewares/Third_Party/FreeRTOS/CMSIS_RTOS/cmsis_os.o
                0x000000000800ba58                osMailAlloc
 .text.osMailCAlloc
                0x000000000800ba68       0x20 Middlewares/Third_Party/FreeRTOS/CMSIS_RTOS/cmsis_os.o
                0x000000000800ba68                osMailCAlloc
 .text.osMailPut
                0x000000000800ba88       0x60 Middlewares/Third_Party/FreeRTOS/CMSIS_RTOS/cmsis_os.o
                0x000000000800ba88                osMailPut
 .text.osMailGet
                0x000000000800bae8       0x90 Middlewares/Third_Party/FreeRTOS/CMSIS_RTOS/cmsis_os.o
                0x000000000800bae8                osMailGet
 .text.osMailFree
                0x000000000800bb78       0x14 Middlewares/Third_Party/FreeRTOS/CMSIS_RTOS/cmsis_os.o
                0x000000000800bb78                osMailFree
 .text.osThreadSuspend
                0x000000000800bb8c        0xc Middlewares/Third_Party/FreeRTOS/CMSIS_RTOS/cmsis_os.o
                0x000000000800bb8c                osThreadSuspend
 .text.osThreadResume
                0x000000000800bb98       0x1c Middlewares/Third_Party/FreeRTOS/CMSIS_RTOS/cmsis_os.o
                0x000000000800bb98                osThreadResume
 .text.osThreadSuspendAll
                0x000000000800bbb4        0xc Middlewares/Third_Party/FreeRTOS/CMSIS_RTOS/cmsis_os.o
                0x000000000800bbb4                osThreadSuspendAll
 .text.osThreadResumeAll
                0x000000000800bbc0        0xc Middlewares/Third_Party/FreeRTOS/CMSIS_RTOS/cmsis_os.o
                0x000000000800bbc0                osThreadResumeAll
 .text.osThreadIsSuspended
                0x000000000800bbcc       0x10 Middlewares/Third_Party/FreeRTOS/CMSIS_RTOS/cmsis_os.o
                0x000000000800bbcc                osThreadIsSuspended
 .text.osDelayUntil
                0x000000000800bbdc        0x4 Middlewares/Third_Party/FreeRTOS/CMSIS_RTOS/cmsis_os.o
                0x000000000800bbdc                osDelayUntil
 .text.osThreadList
                0x000000000800bbe0        0x4 Middlewares/Third_Party/FreeRTOS/CMSIS_RTOS/cmsis_os.o
                0x000000000800bbe0                osThreadList
 .text.osMessagePeek
                0x000000000800bbe4       0x5c Middlewares/Third_Party/FreeRTOS/CMSIS_RTOS/cmsis_os.o
                0x000000000800bbe4                osMessagePeek
 .text.osRecursiveMutexCreate
                0x000000000800bc40        0xc Middlewares/Third_Party/FreeRTOS/CMSIS_RTOS/cmsis_os.o
                0x000000000800bc40                osRecursiveMutexCreate
 .text.osRecursiveMutexRelease
                0x000000000800bc4c       0x14 Middlewares/Third_Party/FreeRTOS/CMSIS_RTOS/cmsis_os.o
                0x000000000800bc4c                osRecursiveMutexRelease
 .text.osRecursiveMutexWait
                0x000000000800bc60       0x28 Middlewares/Third_Party/FreeRTOS/CMSIS_RTOS/cmsis_os.o
                0x000000000800bc60                osRecursiveMutexWait
 .text.vListInitialise
                0x000000000800bc88       0x18 Middlewares/Third_Party/FreeRTOS/Source/list.o
                0x000000000800bc88                vListInitialise
 .text.vListInitialiseItem
                0x000000000800bca0        0x8 Middlewares/Third_Party/FreeRTOS/Source/list.o
                0x000000000800bca0                vListInitialiseItem
 .text.vListInsertEnd
                0x000000000800bca8       0x18 Middlewares/Third_Party/FreeRTOS/Source/list.o
                0x000000000800bca8                vListInsertEnd
 .text.vListInsert
                0x000000000800bcc0       0x34 Middlewares/Third_Party/FreeRTOS/Source/list.o
                0x000000000800bcc0                vListInsert
 .text.uxListRemove
                0x000000000800bcf4       0x24 Middlewares/Third_Party/FreeRTOS/Source/list.o
                0x000000000800bcf4                uxListRemove
 .text.prvInsertBlockIntoFreeList
                0x000000000800bd18       0x58 Middlewares/Third_Party/FreeRTOS/Source/portable/MemMang/heap_4.o
 .text.prvHeapInit
                0x000000000800bd70       0x4c Middlewares/Third_Party/FreeRTOS/Source/portable/MemMang/heap_4.o
 .text.pvPortMalloc
                0x000000000800bdbc       0xac Middlewares/Third_Party/FreeRTOS/Source/portable/MemMang/heap_4.o
                0x000000000800bdbc                pvPortMalloc
 .text.vPortFree
                0x000000000800be68       0x5c Middlewares/Third_Party/FreeRTOS/Source/portable/MemMang/heap_4.o
                0x000000000800be68                vPortFree
 .text.xPortGetFreeHeapSize
                0x000000000800bec4        0xc Middlewares/Third_Party/FreeRTOS/Source/portable/MemMang/heap_4.o
                0x000000000800bec4                xPortGetFreeHeapSize
 .text.vPortInitialiseBlocks
                0x000000000800bed0        0x4 Middlewares/Third_Party/FreeRTOS/Source/portable/MemMang/heap_4.o
                0x000000000800bed0                vPortInitialiseBlocks
 .text.prvPortStartFirstTask
                0x000000000800bed4       0x14 Middlewares/Third_Party/FreeRTOS/Source/portable/gcc/ARM_CM3/port.o
 .text.pxPortInitialiseStack
                0x000000000800bee8       0x20 Middlewares/Third_Party/FreeRTOS/Source/portable/gcc/ARM_CM3/port.o
                0x000000000800bee8                pxPortInitialiseStack
 .text.SVC_Handler
                0x000000000800bf08       0x20 Middlewares/Third_Party/FreeRTOS/Source/portable/gcc/ARM_CM3/port.o
                0x000000000800bf08                SVC_Handler
 .text.vPortEndScheduler
                0x000000000800bf28        0x4 Middlewares/Third_Party/FreeRTOS/Source/portable/gcc/ARM_CM3/port.o
                0x000000000800bf28                vPortEndScheduler
 .text.vPortYield
                0x000000000800bf2c       0x18 Middlewares/Third_Party/FreeRTOS/Source/portable/gcc/ARM_CM3/port.o
                0x000000000800bf2c                vPortYield
 .text.ulPortSetInterruptMask
                0x000000000800bf44       0x10 Middlewares/Third_Party/FreeRTOS/Source/portable/gcc/ARM_CM3/port.o
                0x000000000800bf44                ulPortSetInterruptMask
 .text.prvTaskExitError
                0x000000000800bf54       0x1c Middlewares/Third_Party/FreeRTOS/Source/portable/gcc/ARM_CM3/port.o
 .text.vPortEnterCritical
                0x000000000800bf70       0x1c Middlewares/Third_Party/FreeRTOS/Source/portable/gcc/ARM_CM3/port.o
                0x000000000800bf70                vPortEnterCritical
 .text.vPortClearInterruptMask
                0x000000000800bf8c        0x8 Middlewares/Third_Party/FreeRTOS/Source/portable/gcc/ARM_CM3/port.o
                0x000000000800bf8c                vPortClearInterruptMask
 .text.vPortExitCritical
                0x000000000800bf94       0x18 Middlewares/Third_Party/FreeRTOS/Source/portable/gcc/ARM_CM3/port.o
                0x000000000800bf94                vPortExitCritical
 .text.PendSV_Handler
                0x000000000800bfac       0x3c Middlewares/Third_Party/FreeRTOS/Source/portable/gcc/ARM_CM3/port.o
                0x000000000800bfac                PendSV_Handler
 .text.xPortSysTickHandler
                0x000000000800bfe8       0x20 Middlewares/Third_Party/FreeRTOS/Source/portable/gcc/ARM_CM3/port.o
                0x000000000800bfe8                xPortSysTickHandler
 .text.vPortSuppressTicksAndSleep
                0x000000000800c008      0x100 Middlewares/Third_Party/FreeRTOS/Source/portable/gcc/ARM_CM3/port.o
                0x000000000800c008                vPortSuppressTicksAndSleep
 .text.vPortSetupTimerInterrupt
                0x000000000800c108       0x54 Middlewares/Third_Party/FreeRTOS/Source/portable/gcc/ARM_CM3/port.o
                0x000000000800c108                vPortSetupTimerInterrupt
 .text.xPortStartScheduler
                0x000000000800c15c       0x94 Middlewares/Third_Party/FreeRTOS/Source/portable/gcc/ARM_CM3/port.o
                0x000000000800c15c                xPortStartScheduler
 .text.vPortValidateInterruptPriority
                0x000000000800c1f0       0x48 Middlewares/Third_Party/FreeRTOS/Source/portable/gcc/ARM_CM3/port.o
                0x000000000800c1f0                vPortValidateInterruptPriority
 .text.prvIsQueueFull
                0x000000000800c238       0x20 Middlewares/Third_Party/FreeRTOS/Source/queue.o
 .text.prvIsQueueEmpty
                0x000000000800c258       0x1c Middlewares/Third_Party/FreeRTOS/Source/queue.o
 .text.prvCopyDataToQueue
                0x000000000800c274       0x68 Middlewares/Third_Party/FreeRTOS/Source/queue.o
 .text.prvCopyDataFromQueue
                0x000000000800c2dc       0x24 Middlewares/Third_Party/FreeRTOS/Source/queue.o
 .text.prvUnlockQueue
                0x000000000800c300       0x64 Middlewares/Third_Party/FreeRTOS/Source/queue.o
 .text.xQueueGenericReset
                0x000000000800c364       0x64 Middlewares/Third_Party/FreeRTOS/Source/queue.o
                0x000000000800c364                xQueueGenericReset
 .text.xQueueGenericCreate
                0x000000000800c3c8       0x4c Middlewares/Third_Party/FreeRTOS/Source/queue.o
                0x000000000800c3c8                xQueueGenericCreate
 .text.xQueueCreateCountingSemaphore
                0x000000000800c414       0x30 Middlewares/Third_Party/FreeRTOS/Source/queue.o
                0x000000000800c414                xQueueCreateCountingSemaphore
 .text.xQueueGenericSend
                0x000000000800c444      0x108 Middlewares/Third_Party/FreeRTOS/Source/queue.o
                0x000000000800c444                xQueueGenericSend
 .text.xQueueCreateMutex
                0x000000000800c54c       0x54 Middlewares/Third_Party/FreeRTOS/Source/queue.o
                0x000000000800c54c                xQueueCreateMutex
 .text.xQueueGiveMutexRecursive
                0x000000000800c5a0       0x38 Middlewares/Third_Party/FreeRTOS/Source/queue.o
                0x000000000800c5a0                xQueueGiveMutexRecursive
 .text.xQueueGenericSendFromISR
                0x000000000800c5d8       0xa8 Middlewares/Third_Party/FreeRTOS/Source/queue.o
                0x000000000800c5d8                xQueueGenericSendFromISR
 .text.xQueueGenericReceive
                0x000000000800c680      0x120 Middlewares/Third_Party/FreeRTOS/Source/queue.o
                0x000000000800c680                xQueueGenericReceive
 .text.xQueueTakeMutexRecursive
                0x000000000800c7a0       0x3c Middlewares/Third_Party/FreeRTOS/Source/queue.o
                0x000000000800c7a0                xQueueTakeMutexRecursive
 .text.xQueueReceiveFromISR
                0x000000000800c7dc       0x84 Middlewares/Third_Party/FreeRTOS/Source/queue.o
                0x000000000800c7dc                xQueueReceiveFromISR
 .text.xQueuePeekFromISR
                0x000000000800c860       0x50 Middlewares/Third_Party/FreeRTOS/Source/queue.o
                0x000000000800c860                xQueuePeekFromISR
 .text.uxQueueMessagesWaiting
                0x000000000800c8b0       0x1c Middlewares/Third_Party/FreeRTOS/Source/queue.o
                0x000000000800c8b0                uxQueueMessagesWaiting
 .text.uxQueueSpacesAvailable
                0x000000000800c8cc       0x20 Middlewares/Third_Party/FreeRTOS/Source/queue.o
                0x000000000800c8cc                uxQueueSpacesAvailable
 .text.uxQueueMessagesWaitingFromISR
                0x000000000800c8ec       0x10 Middlewares/Third_Party/FreeRTOS/Source/queue.o
                0x000000000800c8ec                uxQueueMessagesWaitingFromISR
 .text.ucQueueGetQueueNumber
                0x000000000800c8fc        0x8 Middlewares/Third_Party/FreeRTOS/Source/queue.o
                0x000000000800c8fc                ucQueueGetQueueNumber
 .text.vQueueSetQueueNumber
                0x000000000800c904        0x8 Middlewares/Third_Party/FreeRTOS/Source/queue.o
                0x000000000800c904                vQueueSetQueueNumber
 .text.ucQueueGetQueueType
                0x000000000800c90c        0x8 Middlewares/Third_Party/FreeRTOS/Source/queue.o
                0x000000000800c90c                ucQueueGetQueueType
 .text.xQueueIsQueueEmptyFromISR
                0x000000000800c914       0x18 Middlewares/Third_Party/FreeRTOS/Source/queue.o
                0x000000000800c914                xQueueIsQueueEmptyFromISR
 .text.xQueueIsQueueFullFromISR
                0x000000000800c92c       0x1c Middlewares/Third_Party/FreeRTOS/Source/queue.o
                0x000000000800c92c                xQueueIsQueueFullFromISR
 .text.vQueueAddToRegistry
                0x000000000800c948       0x28 Middlewares/Third_Party/FreeRTOS/Source/queue.o
                0x000000000800c948                vQueueAddToRegistry
 .text.vQueueUnregisterQueue
                0x000000000800c970       0x28 Middlewares/Third_Party/FreeRTOS/Source/queue.o
                0x000000000800c970                vQueueUnregisterQueue
 .text.vQueueDelete
                0x000000000800c998       0x20 Middlewares/Third_Party/FreeRTOS/Source/queue.o
                0x000000000800c998                vQueueDelete
 .text.prvGetExpectedIdleTime
                0x000000000800c9b8       0x34 Middlewares/Third_Party/FreeRTOS/Source/tasks.o
 .text.prvTaskCheckFreeStackSpace
                0x000000000800c9ec       0x14 Middlewares/Third_Party/FreeRTOS/Source/tasks.o
 .text.prvListTaskWithinSingleList
                0x000000000800ca00       0x78 Middlewares/Third_Party/FreeRTOS/Source/tasks.o
 .text.prvDeleteTCB
                0x000000000800ca78       0x14 Middlewares/Third_Party/FreeRTOS/Source/tasks.o
 .text.prvAllocateTCBAndStack
                0x000000000800ca8c       0x38 Middlewares/Third_Party/FreeRTOS/Source/tasks.o
 .text.prvInitialiseTCBVariables
                0x000000000800cac4       0x48 Middlewares/Third_Party/FreeRTOS/Source/tasks.o
 .text.prvInitialiseTaskLists
                0x000000000800cb0c       0x64 Middlewares/Third_Party/FreeRTOS/Source/tasks.o
 .text.prvAddCurrentTaskToDelayedList
                0x000000000800cb70       0x54 Middlewares/Third_Party/FreeRTOS/Source/tasks.o
 .text.xTaskGenericCreate
                0x000000000800cbc4      0x108 Middlewares/Third_Party/FreeRTOS/Source/tasks.o
                0x000000000800cbc4                xTaskGenericCreate
 .text.vTaskDelete
                0x000000000800cccc       0x68 Middlewares/Third_Party/FreeRTOS/Source/tasks.o
                0x000000000800cccc                vTaskDelete
 .text.uxTaskPriorityGet
                0x000000000800cd34       0x1c Middlewares/Third_Party/FreeRTOS/Source/tasks.o
                0x000000000800cd34                uxTaskPriorityGet
 .text.vTaskPrioritySet
                0x000000000800cd50       0xbc Middlewares/Third_Party/FreeRTOS/Source/tasks.o
                0x000000000800cd50                vTaskPrioritySet
 .text.xTaskIsTaskSuspended
                0x000000000800ce0c       0x44 Middlewares/Third_Party/FreeRTOS/Source/tasks.o
                0x000000000800ce0c                xTaskIsTaskSuspended
 .text.vTaskResume
                0x000000000800ce50       0x6c Middlewares/Third_Party/FreeRTOS/Source/tasks.o
                0x000000000800ce50                vTaskResume
 .text.xTaskResumeFromISR
                0x000000000800cebc       0x90 Middlewares/Third_Party/FreeRTOS/Source/tasks.o
                0x000000000800cebc                xTaskResumeFromISR
 .text.vTaskStartScheduler
                0x000000000800cf4c       0x50 Middlewares/Third_Party/FreeRTOS/Source/tasks.o
                0x000000000800cf4c                vTaskStartScheduler
 .text.vTaskEndScheduler
                0x000000000800cf9c       0x18 Middlewares/Third_Party/FreeRTOS/Source/tasks.o
                0x000000000800cf9c                vTaskEndScheduler
 .text.vTaskSuspendAll
                0x000000000800cfb4       0x10 Middlewares/Third_Party/FreeRTOS/Source/tasks.o
                0x000000000800cfb4                vTaskSuspendAll
 .text.xTaskGetTickCount
                0x000000000800cfc4       0x18 Middlewares/Third_Party/FreeRTOS/Source/tasks.o
                0x000000000800cfc4                xTaskGetTickCount
 .text.xTaskGetTickCountFromISR
                0x000000000800cfdc       0x1c Middlewares/Third_Party/FreeRTOS/Source/tasks.o
                0x000000000800cfdc                xTaskGetTickCountFromISR
 .text.uxTaskGetNumberOfTasks
                0x000000000800cff8        0xc Middlewares/Third_Party/FreeRTOS/Source/tasks.o
                0x000000000800cff8                uxTaskGetNumberOfTasks
 .text.vTaskStepTick
                0x000000000800d004       0x28 Middlewares/Third_Party/FreeRTOS/Source/tasks.o
                0x000000000800d004                vTaskStepTick
 .text.xTaskIncrementTick
                0x000000000800d02c      0x13c Middlewares/Third_Party/FreeRTOS/Source/tasks.o
                0x000000000800d02c                xTaskIncrementTick
 .text.xTaskResumeAll
                0x000000000800d168       0xdc Middlewares/Third_Party/FreeRTOS/Source/tasks.o
                0x000000000800d168                xTaskResumeAll
 .text.vTaskDelay
                0x000000000800d244       0x38 Middlewares/Third_Party/FreeRTOS/Source/tasks.o
                0x000000000800d244                vTaskDelay
 .text.prvCheckTasksWaitingTermination
                0x000000000800d27c       0x54 Middlewares/Third_Party/FreeRTOS/Source/tasks.o
 .text.prvIdleTask
                0x000000000800d2d0       0x50 Middlewares/Third_Party/FreeRTOS/Source/tasks.o
 .text.uxTaskGetSystemState
                0x000000000800d320       0x9c Middlewares/Third_Party/FreeRTOS/Source/tasks.o
                0x000000000800d320                uxTaskGetSystemState
 .text.vTaskSwitchContext
                0x000000000800d3bc       0x94 Middlewares/Third_Party/FreeRTOS/Source/tasks.o
                0x000000000800d3bc                vTaskSwitchContext
 .text.vTaskSuspend
                0x000000000800d450       0x6c Middlewares/Third_Party/FreeRTOS/Source/tasks.o
                0x000000000800d450                vTaskSuspend
 .text.vTaskPlaceOnEventList
                0x000000000800d4bc       0x48 Middlewares/Third_Party/FreeRTOS/Source/tasks.o
                0x000000000800d4bc                vTaskPlaceOnEventList
 .text.xTaskRemoveFromEventList
                0x000000000800d504       0x80 Middlewares/Third_Party/FreeRTOS/Source/tasks.o
                0x000000000800d504                xTaskRemoveFromEventList
 .text.vTaskSetTimeOutState
                0x000000000800d584       0x20 Middlewares/Third_Party/FreeRTOS/Source/tasks.o
                0x000000000800d584                vTaskSetTimeOutState
 .text.xTaskCheckForTimeOut
                0x000000000800d5a4       0x68 Middlewares/Third_Party/FreeRTOS/Source/tasks.o
                0x000000000800d5a4                xTaskCheckForTimeOut
 .text.vTaskMissedYield
                0x000000000800d60c        0xc Middlewares/Third_Party/FreeRTOS/Source/tasks.o
                0x000000000800d60c                vTaskMissedYield
 .text.uxTaskGetTaskNumber
                0x000000000800d618        0xc Middlewares/Third_Party/FreeRTOS/Source/tasks.o
                0x000000000800d618                uxTaskGetTaskNumber
 .text.vTaskSetTaskNumber
                0x000000000800d624        0x8 Middlewares/Third_Party/FreeRTOS/Source/tasks.o
                0x000000000800d624                vTaskSetTaskNumber
 .text.eTaskConfirmSleepModeStatus
                0x000000000800d62c       0x3c Middlewares/Third_Party/FreeRTOS/Source/tasks.o
                0x000000000800d62c                eTaskConfirmSleepModeStatus
 .text.xTaskGetCurrentTaskHandle
                0x000000000800d668        0xc Middlewares/Third_Party/FreeRTOS/Source/tasks.o
                0x000000000800d668                xTaskGetCurrentTaskHandle
 .text.vTaskPriorityInherit
                0x000000000800d674       0x80 Middlewares/Third_Party/FreeRTOS/Source/tasks.o
                0x000000000800d674                vTaskPriorityInherit
 .text.vTaskPriorityDisinherit
                0x000000000800d6f4       0x48 Middlewares/Third_Party/FreeRTOS/Source/tasks.o
                0x000000000800d6f4                vTaskPriorityDisinherit
 .text.QueueSendThread
                0x000000000800d73c       0x1c Src/main.o
 .text.QueueReceiveThread
                0x000000000800d758       0x38 Src/main.o
 .text.SystemClock_Config
                0x000000000800d790       0x4c Src/main.o
 .text.GPIO_ConfigAN
                0x000000000800d7dc      0x11c Src/main.o
 .text.main     0x000000000800d8f8       0x6c Src/main.o
                0x000000000800d8f8                main
 .text.PreSleepProcessing
                0x000000000800d964       0x10 Src/main.o
                0x000000000800d964                PreSleepProcessing
 .text.PostSleepProcessing
                0x000000000800d974        0x4 Src/main.o